Archive member included to satisfy reference by file (symbol)

c:/progra~2/armgnu~1/112202~1.02/bin/../lib/gcc/arm-none-eabi/11.2.1/thumb/v6-m/nofp\libgcc.a(_dvmd_tls.o)
                              CMakeFiles/Lab2.dir/585e1e091a5fd5c04a18b1e54298091d/Uni/2023/Semester_2/CC2511_-_Embedded_Systems_Design/Subject_Software/pico-sdk-master/src/rp2_common/pico_divider/divider.S.obj (__aeabi_idiv0)
c:/progra~2/armgnu~1/112202~1.02/bin/../lib/gcc/arm-none-eabi/11.2.1/thumb/v6-m/nofp\libg.a(lib_a-calloc.o)
                              CMakeFiles/Lab2.dir/540d03b26d98c39dbd556044adc6261f/2023/Semester_2/CC2511_-_Embedded_Systems_Design/Subject_Software/pico-sdk-master/src/rp2_common/pico_malloc/pico_malloc.c.obj (calloc)
c:/progra~2/armgnu~1/112202~1.02/bin/../lib/gcc/arm-none-eabi/11.2.1/thumb/v6-m/nofp\libg.a(lib_a-callocr.o)
                              c:/progra~2/armgnu~1/112202~1.02/bin/../lib/gcc/arm-none-eabi/11.2.1/thumb/v6-m/nofp\libg.a(lib_a-calloc.o) (_calloc_r)
c:/progra~2/armgnu~1/112202~1.02/bin/../lib/gcc/arm-none-eabi/11.2.1/thumb/v6-m/nofp\libg.a(lib_a-errno.o)
                              c:/progra~2/armgnu~1/112202~1.02/bin/../lib/gcc/arm-none-eabi/11.2.1/thumb/v6-m/nofp\libg.a(lib_a-callocr.o) (__errno)
c:/progra~2/armgnu~1/112202~1.02/bin/../lib/gcc/arm-none-eabi/11.2.1/thumb/v6-m/nofp\libg.a(lib_a-impure.o)
                              c:/progra~2/armgnu~1/112202~1.02/bin/../lib/gcc/arm-none-eabi/11.2.1/thumb/v6-m/nofp\libg.a(lib_a-calloc.o) (_impure_ptr)
c:/progra~2/armgnu~1/112202~1.02/bin/../lib/gcc/arm-none-eabi/11.2.1/thumb/v6-m/nofp\libg.a(lib_a-init.o)
                              c:/progra~2/armgnu~1/112202~1.02/bin/../lib/gcc/arm-none-eabi/11.2.1/thumb/v6-m/nofp/crt0.o (__libc_init_array)
c:/progra~2/armgnu~1/112202~1.02/bin/../lib/gcc/arm-none-eabi/11.2.1/thumb/v6-m/nofp\libg.a(lib_a-malloc.o)
                              CMakeFiles/Lab2.dir/540d03b26d98c39dbd556044adc6261f/2023/Semester_2/CC2511_-_Embedded_Systems_Design/Subject_Software/pico-sdk-master/src/rp2_common/pico_malloc/pico_malloc.c.obj (malloc)
c:/progra~2/armgnu~1/112202~1.02/bin/../lib/gcc/arm-none-eabi/11.2.1/thumb/v6-m/nofp\libg.a(lib_a-mallocr.o)
                              c:/progra~2/armgnu~1/112202~1.02/bin/../lib/gcc/arm-none-eabi/11.2.1/thumb/v6-m/nofp\libg.a(lib_a-callocr.o) (_malloc_r)
c:/progra~2/armgnu~1/112202~1.02/bin/../lib/gcc/arm-none-eabi/11.2.1/thumb/v6-m/nofp\libg.a(lib_a-mlock.o)
                              c:/progra~2/armgnu~1/112202~1.02/bin/../lib/gcc/arm-none-eabi/11.2.1/thumb/v6-m/nofp\libg.a(lib_a-mallocr.o) (__malloc_lock)
c:/progra~2/armgnu~1/112202~1.02/bin/../lib/gcc/arm-none-eabi/11.2.1/thumb/v6-m/nofp\libg.a(lib_a-realloc.o)
                              CMakeFiles/Lab2.dir/540d03b26d98c39dbd556044adc6261f/2023/Semester_2/CC2511_-_Embedded_Systems_Design/Subject_Software/pico-sdk-master/src/rp2_common/pico_malloc/pico_malloc.c.obj (realloc)
c:/progra~2/armgnu~1/112202~1.02/bin/../lib/gcc/arm-none-eabi/11.2.1/thumb/v6-m/nofp\libg.a(lib_a-reallocr.o)
                              c:/progra~2/armgnu~1/112202~1.02/bin/../lib/gcc/arm-none-eabi/11.2.1/thumb/v6-m/nofp\libg.a(lib_a-realloc.o) (_realloc_r)
c:/progra~2/armgnu~1/112202~1.02/bin/../lib/gcc/arm-none-eabi/11.2.1/thumb/v6-m/nofp\libg.a(lib_a-sbrkr.o)
                              c:/progra~2/armgnu~1/112202~1.02/bin/../lib/gcc/arm-none-eabi/11.2.1/thumb/v6-m/nofp\libg.a(lib_a-mallocr.o) (_sbrk_r)
c:/progra~2/armgnu~1/112202~1.02/bin/../lib/gcc/arm-none-eabi/11.2.1/thumb/v6-m/nofp\libg.a(lib_a-strlen-stub.o)
                              CMakeFiles/Lab2.dir/585e1e091a5fd5c04a18b1e54298091d/Uni/2023/Semester_2/CC2511_-_Embedded_Systems_Design/Subject_Software/pico-sdk-master/src/rp2_common/pico_stdio/stdio.c.obj (strlen)
c:/progra~2/armgnu~1/112202~1.02/bin/../lib/gcc/arm-none-eabi/11.2.1/thumb/v6-m/nofp\libg.a(lib_a-freer.o)
                              c:/progra~2/armgnu~1/112202~1.02/bin/../lib/gcc/arm-none-eabi/11.2.1/thumb/v6-m/nofp\libg.a(lib_a-malloc.o) (_free_r)
c:/progra~2/armgnu~1/112202~1.02/bin/../lib/gcc/arm-none-eabi/11.2.1/thumb/v6-m/nofp\libg.a(lib_a-memmove.o)
                              c:/progra~2/armgnu~1/112202~1.02/bin/../lib/gcc/arm-none-eabi/11.2.1/thumb/v6-m/nofp\libg.a(lib_a-reallocr.o) (memmove)
c:/progra~2/armgnu~1/112202~1.02/bin/../lib/gcc/arm-none-eabi/11.2.1/thumb/v6-m/nofp\libg.a(lib_a-reent.o)
                              c:/progra~2/armgnu~1/112202~1.02/bin/../lib/gcc/arm-none-eabi/11.2.1/thumb/v6-m/nofp\libg.a(lib_a-sbrkr.o) (errno)

Discarded input sections

 .text          0x00000000        0x0 c:/progra~2/armgnu~1/112202~1.02/bin/../lib/gcc/arm-none-eabi/11.2.1/thumb/v6-m/nofp/crti.o
 .data          0x00000000        0x0 c:/progra~2/armgnu~1/112202~1.02/bin/../lib/gcc/arm-none-eabi/11.2.1/thumb/v6-m/nofp/crti.o
 .bss           0x00000000        0x0 c:/progra~2/armgnu~1/112202~1.02/bin/../lib/gcc/arm-none-eabi/11.2.1/thumb/v6-m/nofp/crti.o
[...]
Memory Configuration

Name             Origin             Length             Attributes
FLASH            0x10000000         0x00200000         xr
RAM              0x20000000         0x00040000         xrw
SCRATCH_X        0x20040000         0x00001000         xrw
SCRATCH_Y        0x20041000         0x00001000         xrw
*default*        0x00000000         0xffffffff

Linker script and memory map

LOAD c:/progra~2/armgnu~1/112202~1.02/bin/../lib/gcc/arm-none-eabi/11.2.1/thumb/v6-m/nofp/crti.o
LOAD c:/progra~2/armgnu~1/112202~1.02/bin/../lib/gcc/arm-none-eabi/11.2.1/thumb/v6-m/nofp/crtbegin.o
LOAD c:/progra~2/armgnu~1/112202~1.02/bin/../lib/gcc/arm-none-eabi/11.2.1/thumb/v6-m/nofp/crt0.o

.flash_begin    0x10000000        0x0
                0x10000000                __flash_binary_start = .

.boot2          0x10000000      0x100
                0x10000000                __boot2_start__ = .
 *(.boot2)
 .boot2         0x10000000      0x100 C:\Users\yelps\AppData\Local\Temp\cc0ZTDAQ.o
                0x10000100                __boot2_end__ = .
                0x00000001                ASSERT (((__boot2_end__ - __boot2_start__) == 0x100), ERROR: Pico second stage bootloader must be 256 bytes in size)

.text           0x10000100     0x41c0
                0x10000100                __logical_binary_start = .
 *(.vectors)
 .vectors       0x10000100       0xd4 CMakeFiles/Lab2.dir/540d03b26d98c39dbd556044adc6261f/2023/Semester_2/CC2511_-_Embedded_Systems_Design/Subject_Software/pico-sdk-master/src/rp2_common/pico_standard_link/crt0.S.obj
                0x10000100                __VECTOR_TABLE
                0x10000100                __vectors
                0x100001c0                isr_invalid
                0x100001c0                __default_isrs_start
                0x100001c2                isr_nmi
                0x100001c4                isr_hardfault
                0x100001c6                isr_svcall
                0x100001c8                isr_pendsv
                0x100001ca                isr_systick
                0x100001cc                isr_irq23
                0x100001cc                isr_irq18
                0x100001cc                isr_irq11
                0x100001cc                isr_irq28
                0x100001cc                isr_irq19
                0x100001cc                isr_irq0
                0x100001cc                isr_irq6
                0x100001cc                isr_irq5
                0x100001cc                isr_irq12
                0x100001cc                isr_irq22
                0x100001cc                isr_irq31
                0x100001cc                isr_irq17
                0x100001cc                isr_irq27
                0x100001cc                isr_irq30
                0x100001cc                isr_irq2
                0x100001cc                isr_irq10
                0x100001cc                isr_irq8
                0x100001cc                isr_irq24
                0x100001cc                isr_irq1
                0x100001cc                isr_irq7
                0x100001cc                isr_irq21
                0x100001cc                isr_irq20
                0x100001cc                isr_irq15
                0x100001cc                isr_irq25
                0x100001cc                isr_irq13
                0x100001cc                __unhandled_user_irq
                0x100001cc                isr_irq4
                0x100001cc                isr_irq16
                0x100001cc                isr_irq29
                0x100001cc                isr_irq26
                0x100001cc                __default_isrs_end
                0x100001cc                isr_irq3
                0x100001cc                isr_irq14
                0x100001cc                isr_irq9
                0x100001d2                unhandled_user_irq_num_in_r0
 *(.binary_info_header)
 .binary_info_header
                0x100001d4       0x14 CMakeFiles/Lab2.dir/540d03b26d98c39dbd556044adc6261f/2023/Semester_2/CC2511_-_Embedded_Systems_Design/Subject_Software/pico-sdk-master/src/rp2_common/pico_standard_link/crt0.S.obj
                0x100001e8                __binary_info_header_end = .
 *(.reset)
 .reset         0x100001e8       0xa0 CMakeFiles/Lab2.dir/540d03b26d98c39dbd556044adc6261f/2023/Semester_2/CC2511_-_Embedded_Systems_Design/Subject_Software/pico-sdk-master/src/rp2_common/pico_standard_link/crt0.S.obj
                0x100001e8                _entry_point
 .reset         0x10000288       0x30 CMakeFiles/Lab2.dir/4629940fcbd48e2f2e3f8d16c5e3490d/Semester_2/CC2511_-_Embedded_Systems_Design/Subject_Software/pico-sdk-master/src/rp2_common/pico_standard_link/binary_info.c.obj
 *(.init)
 .init          0x100002b8        0x4 c:/progra~2/armgnu~1/112202~1.02/bin/../lib/gcc/arm-none-eabi/11.2.1/thumb/v6-m/nofp/crti.o
                0x100002b8                _init
 *(EXCLUDE_FILE(*libm.a: *libc.a:*lib_a-mem*.o *libgcc.a:) .text*)
 .text.register_tm_clones
                0x100002bc       0x28 c:/progra~2/armgnu~1/112202~1.02/bin/../lib/gcc/arm-none-eabi/11.2.1/thumb/v6-m/nofp/crtbegin.o
 .text.frame_dummy
                0x100002e4       0x24 c:/progra~2/armgnu~1/112202~1.02/bin/../lib/gcc/arm-none-eabi/11.2.1/thumb/v6-m/nofp/crtbegin.o
 .text.main     0x10000308       0x2c CMakeFiles/Lab2.dir/main.c.obj
                0x10000308                main
 .text.gpio_set_function
                0x10000334       0x30 CMakeFiles/Lab2.dir/585e1e091a5fd5c04a18b1e54298091d/Uni/2023/Semester_2/CC2511_-_Embedded_Systems_Design/Subject_Software/pico-sdk-master/src/rp2_common/hardware_gpio/gpio.c.obj
                0x10000334                gpio_set_function
 .text.gpio_init
                0x10000364       0x16 CMakeFiles/Lab2.dir/585e1e091a5fd5c04a18b1e54298091d/Uni/2023/Semester_2/CC2511_-_Embedded_Systems_Design/Subject_Software/pico-sdk-master/src/rp2_common/hardware_gpio/gpio.c.obj
                0x10000364                gpio_init
 *fill*         0x1000037a        0x2 
 .text.running_on_fpga
                0x1000037c       0x14 CMakeFiles/Lab2.dir/585e1e091a5fd5c04a18b1e54298091d/Uni/2023/Semester_2/CC2511_-_Embedded_Systems_Design/Subject_Software/pico-sdk-master/src/rp2_common/pico_platform/platform.c.obj
                0x1000037c                running_on_fpga
 .text.hw_claim_lock
                0x10000390       0x18 CMakeFiles/Lab2.dir/585e1e091a5fd5c04a18b1e54298091d/Uni/2023/Semester_2/CC2511_-_Embedded_Systems_Design/Subject_Software/pico-sdk-master/src/rp2_common/hardware_claim/claim.c.obj
                0x10000390                hw_claim_lock
 .text.hw_claim_unlock
                0x100003a8       0x14 CMakeFiles/Lab2.dir/585e1e091a5fd5c04a18b1e54298091d/Uni/2023/Semester_2/CC2511_-_Embedded_Systems_Design/Subject_Software/pico-sdk-master/src/rp2_common/hardware_claim/claim.c.obj
                0x100003a8                hw_claim_unlock
 .text.hw_claim_or_assert
                0x100003bc       0x32 CMakeFiles/Lab2.dir/585e1e091a5fd5c04a18b1e54298091d/Uni/2023/Semester_2/CC2511_-_Embedded_Systems_Design/Subject_Software/pico-sdk-master/src/rp2_common/hardware_claim/claim.c.obj
                0x100003bc                hw_claim_or_assert
 *fill*         0x100003ee        0x2 
 .text.spin_locks_reset
                0x100003f0       0x20 CMakeFiles/Lab2.dir/585e1e091a5fd5c04a18b1e54298091d/Uni/2023/Semester_2/CC2511_-_Embedded_Systems_Design/Subject_Software/pico-sdk-master/src/rp2_common/hardware_sync/sync.c.obj
                0x100003f0                spin_locks_reset
 .text.next_striped_spin_lock_num
                0x10000410       0x1c CMakeFiles/Lab2.dir/585e1e091a5fd5c04a18b1e54298091d/Uni/2023/Semester_2/CC2511_-_Embedded_Systems_Design/Subject_Software/pico-sdk-master/src/rp2_common/hardware_sync/sync.c.obj
                0x10000410                next_striped_spin_lock_num
 .text.set_raw_irq_handler_and_unlock
                0x1000042c       0x28 CMakeFiles/Lab2.dir/585e1e091a5fd5c04a18b1e54298091d/Uni/2023/Semester_2/CC2511_-_Embedded_Systems_Design/Subject_Software/pico-sdk-master/src/rp2_common/hardware_irq/irq.c.obj
 .text.make_branch
                0x10000454       0x48 CMakeFiles/Lab2.dir/585e1e091a5fd5c04a18b1e54298091d/Uni/2023/Semester_2/CC2511_-_Embedded_Systems_Design/Subject_Software/pico-sdk-master/src/rp2_common/hardware_irq/irq.c.obj
 .text.insert_branch_and_link
                0x1000049c       0x40 CMakeFiles/Lab2.dir/585e1e091a5fd5c04a18b1e54298091d/Uni/2023/Semester_2/CC2511_-_Embedded_Systems_Design/Subject_Software/pico-sdk-master/src/rp2_common/hardware_irq/irq.c.obj
 .text.irq_is_enabled
                0x100004dc       0x18 CMakeFiles/Lab2.dir/585e1e091a5fd5c04a18b1e54298091d/Uni/2023/Semester_2/CC2511_-_Embedded_Systems_Design/Subject_Software/pico-sdk-master/src/rp2_common/hardware_irq/irq.c.obj
                0x100004dc                irq_is_enabled
 .text.irq_set_mask_enabled
                0x100004f4       0x20 CMakeFiles/Lab2.dir/585e1e091a5fd5c04a18b1e54298091d/Uni/2023/Semester_2/CC2511_-_Embedded_Systems_Design/Subject_Software/pico-sdk-master/src/rp2_common/hardware_irq/irq.c.obj
                0x100004f4                irq_set_mask_enabled
 .text.irq_set_enabled
                0x10000514        0xe CMakeFiles/Lab2.dir/585e1e091a5fd5c04a18b1e54298091d/Uni/2023/Semester_2/CC2511_-_Embedded_Systems_Design/Subject_Software/pico-sdk-master/src/rp2_common/hardware_irq/irq.c.obj
                0x10000514                irq_set_enabled
 *fill*         0x10000522        0x2 
 .text.irq_get_vtable_handler
                0x10000524       0x10 CMakeFiles/Lab2.dir/585e1e091a5fd5c04a18b1e54298091d/Uni/2023/Semester_2/CC2511_-_Embedded_Systems_Design/Subject_Software/pico-sdk-master/src/rp2_common/hardware_irq/irq.c.obj
                0x10000524                irq_get_vtable_handler
 .text.irq_set_exclusive_handler
                0x10000534       0x54 CMakeFiles/Lab2.dir/585e1e091a5fd5c04a18b1e54298091d/Uni/2023/Semester_2/CC2511_-_Embedded_Systems_Design/Subject_Software/pico-sdk-master/src/rp2_common/hardware_irq/irq.c.obj
                0x10000534                irq_set_exclusive_handler
 .text.irq_remove_handler
                0x10000588      0x1a8 CMakeFiles/Lab2.dir/585e1e091a5fd5c04a18b1e54298091d/Uni/2023/Semester_2/CC2511_-_Embedded_Systems_Design/Subject_Software/pico-sdk-master/src/rp2_common/hardware_irq/irq.c.obj
                0x10000588                irq_remove_handler
 .text.irq_add_tail_to_free_list
                0x10000730       0xf0 CMakeFiles/Lab2.dir/585e1e091a5fd5c04a18b1e54298091d/Uni/2023/Semester_2/CC2511_-_Embedded_Systems_Design/Subject_Software/pico-sdk-master/src/rp2_common/hardware_irq/irq.c.obj
                0x10000730                irq_add_tail_to_free_list
 .text.irq_init_priorities
                0x10000820       0x1c CMakeFiles/Lab2.dir/585e1e091a5fd5c04a18b1e54298091d/Uni/2023/Semester_2/CC2511_-_Embedded_Systems_Design/Subject_Software/pico-sdk-master/src/rp2_common/hardware_irq/irq.c.obj
                0x10000820                irq_init_priorities
 .text.lock_init
                0x1000083c       0x10 CMakeFiles/Lab2.dir/585e1e091a5fd5c04a18b1e54298091d/Uni/2023/Semester_2/CC2511_-_Embedded_Systems_Design/Subject_Software/pico-sdk-master/src/common/pico_sync/lock_core.c.obj
                0x1000083c                lock_init
 .text.mutex_init
                0x1000084c       0x1a CMakeFiles/Lab2.dir/585e1e091a5fd5c04a18b1e54298091d/Uni/2023/Semester_2/CC2511_-_Embedded_Systems_Design/Subject_Software/pico-sdk-master/src/common/pico_sync/mutex.c.obj
                0x1000084c                mutex_init
 .text.recursive_mutex_init
                0x10000866       0x1e CMakeFiles/Lab2.dir/585e1e091a5fd5c04a18b1e54298091d/Uni/2023/Semester_2/CC2511_-_Embedded_Systems_Design/Subject_Software/pico-sdk-master/src/common/pico_sync/mutex.c.obj
                0x10000866                recursive_mutex_init
 .text.alarm_pool_post_alloc_init
                0x10000884       0x40 CMakeFiles/Lab2.dir/585e1e091a5fd5c04a18b1e54298091d/Uni/2023/Semester_2/CC2511_-_Embedded_Systems_Design/Subject_Software/pico-sdk-master/src/common/pico_time/time.c.obj
 .text.sleep_until_callback
                0x100008c4       0x30 CMakeFiles/Lab2.dir/585e1e091a5fd5c04a18b1e54298091d/Uni/2023/Semester_2/CC2511_-_Embedded_Systems_Design/Subject_Software/pico-sdk-master/src/common/pico_time/time.c.obj
 .text.timer_pool_entry_comparator
                0x100008f4       0x78 CMakeFiles/Lab2.dir/585e1e091a5fd5c04a18b1e54298091d/Uni/2023/Semester_2/CC2511_-_Embedded_Systems_Design/Subject_Software/pico-sdk-master/src/common/pico_time/time.c.obj
                0x100008f4                timer_pool_entry_comparator
 .text.ph_add_child_node
                0x1000096c       0xa0 CMakeFiles/Lab2.dir/585e1e091a5fd5c04a18b1e54298091d/Uni/2023/Semester_2/CC2511_-_Embedded_Systems_Design/Subject_Software/pico-sdk-master/src/common/pico_time/time.c.obj
 .text.ph_merge_nodes
                0x10000a0c       0x3e CMakeFiles/Lab2.dir/585e1e091a5fd5c04a18b1e54298091d/Uni/2023/Semester_2/CC2511_-_Embedded_Systems_Design/Subject_Software/pico-sdk-master/src/common/pico_time/time.c.obj
 *fill*         0x10000a4a        0x2 
 .text.add_alarm_under_lock
                0x10000a4c      0x16c CMakeFiles/Lab2.dir/585e1e091a5fd5c04a18b1e54298091d/Uni/2023/Semester_2/CC2511_-_Embedded_Systems_Design/Subject_Software/pico-sdk-master/src/common/pico_time/time.c.obj
 .text.alarm_pool_alarm_callback
                0x10000bb8      0x33c CMakeFiles/Lab2.dir/585e1e091a5fd5c04a18b1e54298091d/Uni/2023/Semester_2/CC2511_-_Embedded_Systems_Design/Subject_Software/pico-sdk-master/src/common/pico_time/time.c.obj
 .text.alarm_pool_init_default
                0x10000ef4       0x40 CMakeFiles/Lab2.dir/585e1e091a5fd5c04a18b1e54298091d/Uni/2023/Semester_2/CC2511_-_Embedded_Systems_Design/Subject_Software/pico-sdk-master/src/common/pico_time/time.c.obj
                0x10000ef4                alarm_pool_init_default
 .text.alarm_pool_get_default
                0x10000f34       0x2c CMakeFiles/Lab2.dir/585e1e091a5fd5c04a18b1e54298091d/Uni/2023/Semester_2/CC2511_-_Embedded_Systems_Design/Subject_Software/pico-sdk-master/src/common/pico_time/time.c.obj
                0x10000f34                alarm_pool_get_default
 .text.alarm_pool_add_alarm_at
                0x10000f60      0x16c CMakeFiles/Lab2.dir/585e1e091a5fd5c04a18b1e54298091d/Uni/2023/Semester_2/CC2511_-_Embedded_Systems_Design/Subject_Software/pico-sdk-master/src/common/pico_time/time.c.obj
                0x10000f60                alarm_pool_add_alarm_at
 .text.alarm_pool_cancel_alarm
                0x100010cc       0xf4 CMakeFiles/Lab2.dir/585e1e091a5fd5c04a18b1e54298091d/Uni/2023/Semester_2/CC2511_-_Embedded_Systems_Design/Subject_Software/pico-sdk-master/src/common/pico_time/time.c.obj
                0x100010cc                alarm_pool_cancel_alarm
 .text.sleep_until
                0x100011c0       0xfc CMakeFiles/Lab2.dir/585e1e091a5fd5c04a18b1e54298091d/Uni/2023/Semester_2/CC2511_-_Embedded_Systems_Design/Subject_Software/pico-sdk-master/src/common/pico_time/time.c.obj
                0x100011c0                sleep_until
 .text.sleep_us
                0x100012bc       0x58 CMakeFiles/Lab2.dir/585e1e091a5fd5c04a18b1e54298091d/Uni/2023/Semester_2/CC2511_-_Embedded_Systems_Design/Subject_Software/pico-sdk-master/src/common/pico_time/time.c.obj
                0x100012bc                sleep_us
 .text.sleep_ms
                0x10001314       0x14 CMakeFiles/Lab2.dir/585e1e091a5fd5c04a18b1e54298091d/Uni/2023/Semester_2/CC2511_-_Embedded_Systems_Design/Subject_Software/pico-sdk-master/src/common/pico_time/time.c.obj
                0x10001314                sleep_ms
 .text.best_effort_wfe_or_timeout
                0x10001328       0xac CMakeFiles/Lab2.dir/585e1e091a5fd5c04a18b1e54298091d/Uni/2023/Semester_2/CC2511_-_Embedded_Systems_Design/Subject_Software/pico-sdk-master/src/common/pico_time/time.c.obj
                0x10001328                best_effort_wfe_or_timeout
 .text.hardware_alarm_irq_handler
                0x100013d4       0x8c CMakeFiles/Lab2.dir/585e1e091a5fd5c04a18b1e54298091d/Uni/2023/Semester_2/CC2511_-_Embedded_Systems_Design/Subject_Software/pico-sdk-master/src/rp2_common/hardware_timer/timer.c.obj
 .text.hardware_alarm_claim
                0x10001460       0x18 CMakeFiles/Lab2.dir/585e1e091a5fd5c04a18b1e54298091d/Uni/2023/Semester_2/CC2511_-_Embedded_Systems_Design/Subject_Software/pico-sdk-master/src/rp2_common/hardware_timer/timer.c.obj
                0x10001460                hardware_alarm_claim
 .text.time_us_64
                0x10001478       0x18 CMakeFiles/Lab2.dir/585e1e091a5fd5c04a18b1e54298091d/Uni/2023/Semester_2/CC2511_-_Embedded_Systems_Design/Subject_Software/pico-sdk-master/src/rp2_common/hardware_timer/timer.c.obj
                0x10001478                time_us_64
 .text.busy_wait_until
                0x10001490       0x28 CMakeFiles/Lab2.dir/585e1e091a5fd5c04a18b1e54298091d/Uni/2023/Semester_2/CC2511_-_Embedded_Systems_Design/Subject_Software/pico-sdk-master/src/rp2_common/hardware_timer/timer.c.obj
                0x10001490                busy_wait_until
 .text.hardware_alarm_set_callback
                0x100014b8       0x90 CMakeFiles/Lab2.dir/585e1e091a5fd5c04a18b1e54298091d/Uni/2023/Semester_2/CC2511_-_Embedded_Systems_Design/Subject_Software/pico-sdk-master/src/rp2_common/hardware_timer/timer.c.obj
                0x100014b8                hardware_alarm_set_callback
 .text.hardware_alarm_set_target
                0x10001548       0xe8 CMakeFiles/Lab2.dir/585e1e091a5fd5c04a18b1e54298091d/Uni/2023/Semester_2/CC2511_-_Embedded_Systems_Design/Subject_Software/pico-sdk-master/src/rp2_common/hardware_timer/timer.c.obj
                0x10001548                hardware_alarm_set_target
 .text.hardware_alarm_cancel
                0x10001630       0x40 CMakeFiles/Lab2.dir/585e1e091a5fd5c04a18b1e54298091d/Uni/2023/Semester_2/CC2511_-_Embedded_Systems_Design/Subject_Software/pico-sdk-master/src/rp2_common/hardware_timer/timer.c.obj
                0x10001630                hardware_alarm_cancel
 .text.ph_add_child_node
                0x10001670       0xa0 CMakeFiles/Lab2.dir/585e1e091a5fd5c04a18b1e54298091d/Uni/2023/Semester_2/CC2511_-_Embedded_Systems_Design/Subject_Software/pico-sdk-master/src/common/pico_util/pheap.c.obj
 .text.ph_merge_nodes
                0x10001710       0x3e CMakeFiles/Lab2.dir/585e1e091a5fd5c04a18b1e54298091d/Uni/2023/Semester_2/CC2511_-_Embedded_Systems_Design/Subject_Software/pico-sdk-master/src/common/pico_util/pheap.c.obj
 *fill*         0x1000174e        0x2 
 .text.ph_clear
                0x10001750       0x70 CMakeFiles/Lab2.dir/585e1e091a5fd5c04a18b1e54298091d/Uni/2023/Semester_2/CC2511_-_Embedded_Systems_Design/Subject_Software/pico-sdk-master/src/common/pico_util/pheap.c.obj
                0x10001750                ph_clear
 .text.ph_post_alloc_init
                0x100017c0        0xe CMakeFiles/Lab2.dir/585e1e091a5fd5c04a18b1e54298091d/Uni/2023/Semester_2/CC2511_-_Embedded_Systems_Design/Subject_Software/pico-sdk-master/src/common/pico_util/pheap.c.obj
                0x100017c0                ph_post_alloc_init
 *fill*         0x100017ce        0x2 
 .text.ph_merge_two_pass
                0x100017d0       0xa4 CMakeFiles/Lab2.dir/585e1e091a5fd5c04a18b1e54298091d/Uni/2023/Semester_2/CC2511_-_Embedded_Systems_Design/Subject_Software/pico-sdk-master/src/common/pico_util/pheap.c.obj
                0x100017d0                ph_merge_two_pass
 .text.ph_remove_any_head
                0x10001874      0x120 CMakeFiles/Lab2.dir/585e1e091a5fd5c04a18b1e54298091d/Uni/2023/Semester_2/CC2511_-_Embedded_Systems_Design/Subject_Software/pico-sdk-master/src/common/pico_util/pheap.c.obj
 .text.ph_remove_head
                0x10001994       0x14 CMakeFiles/Lab2.dir/585e1e091a5fd5c04a18b1e54298091d/Uni/2023/Semester_2/CC2511_-_Embedded_Systems_Design/Subject_Software/pico-sdk-master/src/common/pico_util/pheap.c.obj
                0x10001994                ph_remove_head
 .text.ph_remove_and_free_node
                0x100019a8       0xf8 CMakeFiles/Lab2.dir/585e1e091a5fd5c04a18b1e54298091d/Uni/2023/Semester_2/CC2511_-_Embedded_Systems_Design/Subject_Software/pico-sdk-master/src/common/pico_util/pheap.c.obj
                0x100019a8                ph_remove_and_free_node
 .text.clock_configure
                0x10001aa0      0x108 CMakeFiles/Lab2.dir/585e1e091a5fd5c04a18b1e54298091d/Uni/2023/Semester_2/CC2511_-_Embedded_Systems_Design/Subject_Software/pico-sdk-master/src/rp2_common/hardware_clocks/clocks.c.obj
                0x10001aa0                clock_configure
 .text.clocks_init
                0x10001ba8      0x100 CMakeFiles/Lab2.dir/585e1e091a5fd5c04a18b1e54298091d/Uni/2023/Semester_2/CC2511_-_Embedded_Systems_Design/Subject_Software/pico-sdk-master/src/rp2_common/hardware_clocks/clocks.c.obj
                0x10001ba8                clocks_init
 .text.pll_init
                0x10001ca8      0x120 CMakeFiles/Lab2.dir/585e1e091a5fd5c04a18b1e54298091d/Uni/2023/Semester_2/CC2511_-_Embedded_Systems_Design/Subject_Software/pico-sdk-master/src/rp2_common/hardware_pll/pll.c.obj
                0x10001ca8                pll_init
 .text.watchdog_start_tick
                0x10001dc8       0x10 CMakeFiles/Lab2.dir/540d03b26d98c39dbd556044adc6261f/2023/Semester_2/CC2511_-_Embedded_Systems_Design/Subject_Software/pico-sdk-master/src/rp2_common/hardware_watchdog/watchdog.c.obj
                0x10001dc8                watchdog_start_tick
 .text.xosc_init
                0x10001dd8       0x28 CMakeFiles/Lab2.dir/585e1e091a5fd5c04a18b1e54298091d/Uni/2023/Semester_2/CC2511_-_Embedded_Systems_Design/Subject_Software/pico-sdk-master/src/rp2_common/hardware_xosc/xosc.c.obj
                0x10001dd8                xosc_init
 .text._exit    0x10001e00        0x4 CMakeFiles/Lab2.dir/585e1e091a5fd5c04a18b1e54298091d/Uni/2023/Semester_2/CC2511_-_Embedded_Systems_Design/Subject_Software/pico-sdk-master/src/rp2_common/pico_runtime/runtime.c.obj
                0x10001e00                _exit
 .text.exit     0x10001e04        0x6 CMakeFiles/Lab2.dir/585e1e091a5fd5c04a18b1e54298091d/Uni/2023/Semester_2/CC2511_-_Embedded_Systems_Design/Subject_Software/pico-sdk-master/src/rp2_common/pico_runtime/runtime.c.obj
                0x10001e04                exit
 *fill*         0x10001e0a        0x2 
 .text.__assert_func
                0x10001e0c       0x3c CMakeFiles/Lab2.dir/585e1e091a5fd5c04a18b1e54298091d/Uni/2023/Semester_2/CC2511_-_Embedded_Systems_Design/Subject_Software/pico-sdk-master/src/rp2_common/pico_runtime/runtime.c.obj
                0x10001e0c                __assert_func
 .text.runtime_init
                0x10001e48       0xf8 CMakeFiles/Lab2.dir/585e1e091a5fd5c04a18b1e54298091d/Uni/2023/Semester_2/CC2511_-_Embedded_Systems_Design/Subject_Software/pico-sdk-master/src/rp2_common/pico_runtime/runtime.c.obj
                0x10001e48                runtime_init
 .text.panic    0x10001f40       0x30 CMakeFiles/Lab2.dir/585e1e091a5fd5c04a18b1e54298091d/Uni/2023/Semester_2/CC2511_-_Embedded_Systems_Design/Subject_Software/pico-sdk-master/src/rp2_common/pico_runtime/runtime.c.obj
                0x10001f40                panic
 .text._out_null
                0x10001f70        0x2 CMakeFiles/Lab2.dir/585e1e091a5fd5c04a18b1e54298091d/Uni/2023/Semester_2/CC2511_-_Embedded_Systems_Design/Subject_Software/pico-sdk-master/src/rp2_common/pico_printf/printf.c.obj
 .text._out_fct
                0x10001f72        0xe CMakeFiles/Lab2.dir/585e1e091a5fd5c04a18b1e54298091d/Uni/2023/Semester_2/CC2511_-_Embedded_Systems_Design/Subject_Software/pico-sdk-master/src/rp2_common/pico_printf/printf.c.obj
 .text._atoi    0x10001f80       0x24 CMakeFiles/Lab2.dir/585e1e091a5fd5c04a18b1e54298091d/Uni/2023/Semester_2/CC2511_-_Embedded_Systems_Design/Subject_Software/pico-sdk-master/src/rp2_common/pico_printf/printf.c.obj
 .text._out_rev
                0x10001fa4       0xae CMakeFiles/Lab2.dir/585e1e091a5fd5c04a18b1e54298091d/Uni/2023/Semester_2/CC2511_-_Embedded_Systems_Design/Subject_Software/pico-sdk-master/src/rp2_common/pico_printf/printf.c.obj
 .text._ntoa_format
                0x10002052      0x112 CMakeFiles/Lab2.dir/585e1e091a5fd5c04a18b1e54298091d/Uni/2023/Semester_2/CC2511_-_Embedded_Systems_Design/Subject_Software/pico-sdk-master/src/rp2_common/pico_printf/printf.c.obj
 .text._ntoa_long
                0x10002164       0xbc CMakeFiles/Lab2.dir/585e1e091a5fd5c04a18b1e54298091d/Uni/2023/Semester_2/CC2511_-_Embedded_Systems_Design/Subject_Software/pico-sdk-master/src/rp2_common/pico_printf/printf.c.obj
 .text._ntoa_long_long
                0x10002220       0xe2 CMakeFiles/Lab2.dir/585e1e091a5fd5c04a18b1e54298091d/Uni/2023/Semester_2/CC2511_-_Embedded_Systems_Design/Subject_Software/pico-sdk-master/src/rp2_common/pico_printf/printf.c.obj
 *fill*         0x10002302        0x2 
 .text._etoa    0x10002304      0x414 CMakeFiles/Lab2.dir/585e1e091a5fd5c04a18b1e54298091d/Uni/2023/Semester_2/CC2511_-_Embedded_Systems_Design/Subject_Software/pico-sdk-master/src/rp2_common/pico_printf/printf.c.obj
 .text._ftoa    0x10002718      0x354 CMakeFiles/Lab2.dir/585e1e091a5fd5c04a18b1e54298091d/Uni/2023/Semester_2/CC2511_-_Embedded_Systems_Design/Subject_Software/pico-sdk-master/src/rp2_common/pico_printf/printf.c.obj
 .text._vsnprintf
                0x10002a6c      0x650 CMakeFiles/Lab2.dir/585e1e091a5fd5c04a18b1e54298091d/Uni/2023/Semester_2/CC2511_-_Embedded_Systems_Design/Subject_Software/pico-sdk-master/src/rp2_common/pico_printf/printf.c.obj
 .text.vfctprintf
                0x100030bc       0x20 CMakeFiles/Lab2.dir/585e1e091a5fd5c04a18b1e54298091d/Uni/2023/Semester_2/CC2511_-_Embedded_Systems_Design/Subject_Software/pico-sdk-master/src/rp2_common/pico_printf/printf.c.obj
                0x100030bc                vfctprintf
 .text          0x100030dc       0x10 CMakeFiles/Lab2.dir/540d03b26d98c39dbd556044adc6261f/2023/Semester_2/CC2511_-_Embedded_Systems_Design/Subject_Software/pico-sdk-master/src/rp2_common/pico_bit_ops/bit_ops_aeabi.S.obj
 .text.rom_func_lookup
                0x100030ec       0x10 CMakeFiles/Lab2.dir/585e1e091a5fd5c04a18b1e54298091d/Uni/2023/Semester_2/CC2511_-_Embedded_Systems_Design/Subject_Software/pico-sdk-master/src/rp2_common/pico_bootrom/bootrom.c.obj
                0x100030ec                rom_func_lookup
 .text.rom_data_lookup
                0x100030fc       0x10 CMakeFiles/Lab2.dir/585e1e091a5fd5c04a18b1e54298091d/Uni/2023/Semester_2/CC2511_-_Embedded_Systems_Design/Subject_Software/pico-sdk-master/src/rp2_common/pico_bootrom/bootrom.c.obj
                0x100030fc                rom_data_lookup
 .text.rom_funcs_lookup
                0x1000310c       0x36 CMakeFiles/Lab2.dir/585e1e091a5fd5c04a18b1e54298091d/Uni/2023/Semester_2/CC2511_-_Embedded_Systems_Design/Subject_Software/pico-sdk-master/src/rp2_common/pico_bootrom/bootrom.c.obj
                0x1000310c                rom_funcs_lookup
 *fill*         0x10003142        0x2 
 .text.__wrap___aeabi_idiv
                0x10003144       0x50 CMakeFiles/Lab2.dir/585e1e091a5fd5c04a18b1e54298091d/Uni/2023/Semester_2/CC2511_-_Embedded_Systems_Design/Subject_Software/pico-sdk-master/src/rp2_common/pico_divider/divider.S.obj
                0x10003144                __wrap___aeabi_idivmod
                0x10003144                divmod_s32s32
                0x10003144                div_s32s32
                0x10003144                __wrap___aeabi_idiv
                0x1000314c                divmod_s32s32_unsafe
                0x10003178                divmod_s32s32_savestate
 .text.__wrap___aeabi_uidiv
                0x10003194       0x4c CMakeFiles/Lab2.dir/585e1e091a5fd5c04a18b1e54298091d/Uni/2023/Semester_2/CC2511_-_Embedded_Systems_Design/Subject_Software/pico-sdk-master/src/rp2_common/pico_divider/divider.S.obj
                0x10003194                __wrap___aeabi_uidiv
                0x10003194                __wrap___aeabi_uidivmod
                0x10003194                div_u32u32
                0x10003194                divmod_u32u32
                0x1000319c                divmod_u32u32_unsafe
                0x100031c4                divmod_u32u32_savestate
 .text.__wrap___aeabi_ldiv
                0x100031e0      0x424 CMakeFiles/Lab2.dir/585e1e091a5fd5c04a18b1e54298091d/Uni/2023/Semester_2/CC2511_-_Embedded_Systems_Design/Subject_Software/pico-sdk-master/src/rp2_common/pico_divider/divider.S.obj
                0x100031e0                div_s64s64
                0x100031e0                divmod_s64s64
                0x100031e0                __wrap___aeabi_ldivmod
                0x10003210                divmod_u64u64
                0x10003210                div_u64u64
                0x10003210                __wrap___aeabi_uldivmod
                0x10003220                divmod_u64u64_savestate
                0x10003240                divmod_s64s64_unsafe
                0x100032c8                divmod_u64u64_unsafe
 .text.__wrap___aeabi_darithmetic
                0x10003604       0x80 CMakeFiles/Lab2.dir/540d03b26d98c39dbd556044adc6261f/2023/Semester_2/CC2511_-_Embedded_Systems_Design/Subject_Software/pico-sdk-master/src/rp2_common/pico_double/double_aeabi.S.obj
                0x10003604                __wrap___aeabi_drsub
                0x1000360a                __wrap___aeabi_dsub
                0x1000361c                __wrap___aeabi_dadd
                0x1000362e                __wrap___aeabi_ddiv
                0x1000366a                __wrap___aeabi_dmul
 .text.__wrap___aeabi_cdcmple
                0x10003684       0x6c CMakeFiles/Lab2.dir/540d03b26d98c39dbd556044adc6261f/2023/Semester_2/CC2511_-_Embedded_Systems_Design/Subject_Software/pico-sdk-master/src/rp2_common/pico_double/double_aeabi.S.obj
                0x10003684                __wrap___aeabi_cdrcmple
                0x10003694                __wrap___aeabi_cdcmpeq
                0x10003694                __wrap___aeabi_cdcmple
 .text.__wrap___aeabi_dcmplt
                0x100036f0        0xc CMakeFiles/Lab2.dir/540d03b26d98c39dbd556044adc6261f/2023/Semester_2/CC2511_-_Embedded_Systems_Design/Subject_Software/pico-sdk-master/src/rp2_common/pico_double/double_aeabi.S.obj
                0x100036f0                __wrap___aeabi_dcmplt
 .text.__wrap___aeabi_dcmple
                0x100036fc       0x10 CMakeFiles/Lab2.dir/540d03b26d98c39dbd556044adc6261f/2023/Semester_2/CC2511_-_Embedded_Systems_Design/Subject_Software/pico-sdk-master/src/rp2_common/pico_double/double_aeabi.S.obj
                0x100036fc                __wrap___aeabi_dcmple
 .text.__wrap___aeabi_dcmpge
                0x1000370c       0x10 CMakeFiles/Lab2.dir/540d03b26d98c39dbd556044adc6261f/2023/Semester_2/CC2511_-_Embedded_Systems_Design/Subject_Software/pico-sdk-master/src/rp2_common/pico_double/double_aeabi.S.obj
                0x1000370c                __wrap___aeabi_dcmpge
 .text.__wrap___aeabi_dcmpgt
                0x1000371c        0xa CMakeFiles/Lab2.dir/540d03b26d98c39dbd556044adc6261f/2023/Semester_2/CC2511_-_Embedded_Systems_Design/Subject_Software/pico-sdk-master/src/rp2_common/pico_double/double_aeabi.S.obj
                0x1000371c                __wrap___aeabi_dcmpgt
 .text.__wrap___aeabi_dcmpun
                0x10003726       0x1c CMakeFiles/Lab2.dir/540d03b26d98c39dbd556044adc6261f/2023/Semester_2/CC2511_-_Embedded_Systems_Design/Subject_Software/pico-sdk-master/src/rp2_common/pico_double/double_aeabi.S.obj
                0x10003726                __wrap___aeabi_dcmpun
 *fill*         0x10003742        0x2 
 .text.__wrap___aeabi_i2d
                0x10003744       0x38 CMakeFiles/Lab2.dir/540d03b26d98c39dbd556044adc6261f/2023/Semester_2/CC2511_-_Embedded_Systems_Design/Subject_Software/pico-sdk-master/src/rp2_common/pico_double/double_aeabi.S.obj
                0x10003744                __wrap___aeabi_ui2d
                0x1000374c                __wrap___aeabi_i2d
 .text.__wrap___aeabi_d2iz
                0x1000377c       0x48 CMakeFiles/Lab2.dir/540d03b26d98c39dbd556044adc6261f/2023/Semester_2/CC2511_-_Embedded_Systems_Design/Subject_Software/pico-sdk-master/src/rp2_common/pico_double/double_aeabi.S.obj
                0x1000377c                double2int_z
                0x1000377c                __wrap___aeabi_d2iz
 .text.__wrap___aeabi_d2uiz
                0x100037c4       0x18 CMakeFiles/Lab2.dir/540d03b26d98c39dbd556044adc6261f/2023/Semester_2/CC2511_-_Embedded_Systems_Design/Subject_Software/pico-sdk-master/src/rp2_common/pico_double/double_aeabi.S.obj
                0x100037c4                __wrap___aeabi_d2uiz
                0x100037c4                double2uint
 .text.__aeabi_double_init
                0x100037dc       0xc8 CMakeFiles/Lab2.dir/4629940fcbd48e2f2e3f8d16c5e3490d/Semester_2/CC2511_-_Embedded_Systems_Design/Subject_Software/pico-sdk-master/src/rp2_common/pico_double/double_init_rom.c.obj
                0x100037dc                __aeabi_double_init
 .text.double_table_shim_on_use_helper
                0x100038a4       0x34 CMakeFiles/Lab2.dir/4629940fcbd48e2f2e3f8d16c5e3490d/Semester_2/CC2511_-_Embedded_Systems_Design/Subject_Software/pico-sdk-master/src/rp2_common/pico_double/double_v1_rom_shim.S.obj
                0x100038a4                double_table_shim_on_use_helper
 .text.__wrap___aeabi_dsub
                0x100038d8       0x10 CMakeFiles/Lab2.dir/4629940fcbd48e2f2e3f8d16c5e3490d/Semester_2/CC2511_-_Embedded_Systems_Design/Subject_Software/pico-sdk-master/src/rp2_common/pico_double/double_v1_rom_shim.S.obj
                0x100038d8                drsub_shim
                0x100038de                dsub_shim
 .text.dadd_shim
                0x100038e8      0x15c CMakeFiles/Lab2.dir/4629940fcbd48e2f2e3f8d16c5e3490d/Semester_2/CC2511_-_Embedded_Systems_Design/Subject_Software/pico-sdk-master/src/rp2_common/pico_double/double_v1_rom_shim.S.obj
                0x100038e8                dadd_shim
 .text.dmul_shim
                0x10003a44      0x15c CMakeFiles/Lab2.dir/4629940fcbd48e2f2e3f8d16c5e3490d/Semester_2/CC2511_-_Embedded_Systems_Design/Subject_Software/pico-sdk-master/src/rp2_common/pico_double/double_v1_rom_shim.S.obj
                0x10003a44                dmul_shim
 .text.ddiv_shim
                0x10003ba0      0x1b0 CMakeFiles/Lab2.dir/4629940fcbd48e2f2e3f8d16c5e3490d/Semester_2/CC2511_-_Embedded_Systems_Design/Subject_Software/pico-sdk-master/src/rp2_common/pico_double/double_v1_rom_shim.S.obj
                0x10003ba0                ddiv_shim
 .text.double2uint_shim
                0x10003d50        0xe CMakeFiles/Lab2.dir/4629940fcbd48e2f2e3f8d16c5e3490d/Semester_2/CC2511_-_Embedded_Systems_Design/Subject_Software/pico-sdk-master/src/rp2_common/pico_double/double_v1_rom_shim.S.obj
                0x10003d50                double2uint_shim
                0x10003d52                double2ufix_shim
 *fill*         0x10003d5e        0x2 
 .text.double2uint64_shim
                0x10003d60       0x70 CMakeFiles/Lab2.dir/4629940fcbd48e2f2e3f8d16c5e3490d/Semester_2/CC2511_-_Embedded_Systems_Design/Subject_Software/pico-sdk-master/src/rp2_common/pico_double/double_v1_rom_shim.S.obj
                0x10003d60                double2uint64_shim
                0x10003d62                double2ufix64_shim
                0x10003d82                d2fix_a
 .text.dunpacks
                0x10003dd0       0x3c CMakeFiles/Lab2.dir/4629940fcbd48e2f2e3f8d16c5e3490d/Semester_2/CC2511_-_Embedded_Systems_Design/Subject_Software/pico-sdk-master/src/rp2_common/pico_double/double_v1_rom_shim.S.obj
                0x10003dd0                dunpacks
 .text.__aeabi_lmul
                0x10003e0c       0x32 CMakeFiles/Lab2.dir/07efcd0af567f46974d717dcdeecbb98/CC2511_-_Embedded_Systems_Design/Subject_Software/pico-sdk-master/src/rp2_common/pico_int64_ops/pico_int64_ops_aeabi.S.obj
                0x10003e0c                __wrap___aeabi_lmul
 *fill*         0x10003e3e        0x2 
 .text.__aeabi_float_init
                0x10003e40       0xfc CMakeFiles/Lab2.dir/540d03b26d98c39dbd556044adc6261f/2023/Semester_2/CC2511_-_Embedded_Systems_Design/Subject_Software/pico-sdk-master/src/rp2_common/pico_float/float_init_rom.c.obj
                0x10003e40                __aeabi_float_init
 .text.float_table_shim_on_use_helper
                0x10003f3c       0x34 CMakeFiles/Lab2.dir/4629940fcbd48e2f2e3f8d16c5e3490d/Semester_2/CC2511_-_Embedded_Systems_Design/Subject_Software/pico-sdk-master/src/rp2_common/pico_float/float_v1_rom_shim.S.obj
                0x10003f3c                float_table_shim_on_use_helper
 .text          0x10003f70       0x10 CMakeFiles/Lab2.dir/540d03b26d98c39dbd556044adc6261f/2023/Semester_2/CC2511_-_Embedded_Systems_Design/Subject_Software/pico-sdk-master/src/rp2_common/pico_mem_ops/mem_ops_aeabi.S.obj
                0x10003f70                __aeabi_mem_init
 .text.memcpy   0x10003f80        0xc CMakeFiles/Lab2.dir/540d03b26d98c39dbd556044adc6261f/2023/Semester_2/CC2511_-_Embedded_Systems_Design/Subject_Software/pico-sdk-master/src/rp2_common/pico_mem_ops/mem_ops_aeabi.S.obj
                0x10003f80                __wrap_memcpy
                0x10003f80                __wrap___aeabi_memcpy
 .text.stdio_out_chars_no_crlf
                0x10003f8c        0xe CMakeFiles/Lab2.dir/585e1e091a5fd5c04a18b1e54298091d/Uni/2023/Semester_2/CC2511_-_Embedded_Systems_Design/Subject_Software/pico-sdk-master/src/rp2_common/pico_stdio/stdio.c.obj
 *fill*         0x10003f9a        0x2 
 .text.stdio_out_chars_crlf
                0x10003f9c       0x80 CMakeFiles/Lab2.dir/585e1e091a5fd5c04a18b1e54298091d/Uni/2023/Semester_2/CC2511_-_Embedded_Systems_Design/Subject_Software/pico-sdk-master/src/rp2_common/pico_stdio/stdio.c.obj
 .text.stdio_stack_buffer_flush
                0x1000401c       0x44 CMakeFiles/Lab2.dir/585e1e091a5fd5c04a18b1e54298091d/Uni/2023/Semester_2/CC2511_-_Embedded_Systems_Design/Subject_Software/pico-sdk-master/src/rp2_common/pico_stdio/stdio.c.obj
 .text.stdio_buffered_printer
                0x10004060       0x20 CMakeFiles/Lab2.dir/585e1e091a5fd5c04a18b1e54298091d/Uni/2023/Semester_2/CC2511_-_Embedded_Systems_Design/Subject_Software/pico-sdk-master/src/rp2_common/pico_stdio/stdio.c.obj
 .text.stdout_serialize_begin
                0x10004080       0x5c CMakeFiles/Lab2.dir/585e1e091a5fd5c04a18b1e54298091d/Uni/2023/Semester_2/CC2511_-_Embedded_Systems_Design/Subject_Software/pico-sdk-master/src/rp2_common/pico_stdio/stdio.c.obj
                0x10004080                stdout_serialize_begin
 .text.stdout_serialize_end
                0x100040dc       0x10 CMakeFiles/Lab2.dir/585e1e091a5fd5c04a18b1e54298091d/Uni/2023/Semester_2/CC2511_-_Embedded_Systems_Design/Subject_Software/pico-sdk-master/src/rp2_common/pico_stdio/stdio.c.obj
                0x100040dc                stdout_serialize_end
 .text.stdio_put_string
                0x100040ec       0x98 CMakeFiles/Lab2.dir/585e1e091a5fd5c04a18b1e54298091d/Uni/2023/Semester_2/CC2511_-_Embedded_Systems_Design/Subject_Software/pico-sdk-master/src/rp2_common/pico_stdio/stdio.c.obj
 .text.stdio_flush
                0x10004184       0x20 CMakeFiles/Lab2.dir/585e1e091a5fd5c04a18b1e54298091d/Uni/2023/Semester_2/CC2511_-_Embedded_Systems_Design/Subject_Software/pico-sdk-master/src/rp2_common/pico_stdio/stdio.c.obj
                0x10004184                stdio_flush
 .text.__wrap_puts
                0x100041a4       0x1e CMakeFiles/Lab2.dir/585e1e091a5fd5c04a18b1e54298091d/Uni/2023/Semester_2/CC2511_-_Embedded_Systems_Design/Subject_Software/pico-sdk-master/src/rp2_common/pico_stdio/stdio.c.obj
                0x100041a4                __wrap_puts
 *fill*         0x100041c2        0x2 
 .text.__wrap_vprintf
                0x100041c4       0x40 CMakeFiles/Lab2.dir/585e1e091a5fd5c04a18b1e54298091d/Uni/2023/Semester_2/CC2511_-_Embedded_Systems_Design/Subject_Software/pico-sdk-master/src/rp2_common/pico_stdio/stdio.c.obj
                0x100041c4                __wrap_vprintf
 .text.__wrap_printf
                0x10004204       0x18 CMakeFiles/Lab2.dir/585e1e091a5fd5c04a18b1e54298091d/Uni/2023/Semester_2/CC2511_-_Embedded_Systems_Design/Subject_Software/pico-sdk-master/src/rp2_common/pico_stdio/stdio.c.obj
                0x10004204                __wrap_printf
 .text.strlen   0x1000421c       0x5c c:/progra~2/armgnu~1/112202~1.02/bin/../lib/gcc/arm-none-eabi/11.2.1/thumb/v6-m/nofp\libg.a(lib_a-strlen-stub.o)
                0x1000421c                strlen
 *(.fini)
 .fini          0x10004278        0x4 c:/progra~2/armgnu~1/112202~1.02/bin/../lib/gcc/arm-none-eabi/11.2.1/thumb/v6-m/nofp/crti.o
                0x10004278                _fini
 *fill*         0x1000427c        0x4 
 .fini.__stub   0x10004280       0x40 linker stubs
 *crtbegin.o(.ctors)
 *crtbegin?.o(.ctors)
 *(EXCLUDE_FILE(*crtend.o *crtend?.o) .ctors)
 *(SORT_BY_NAME(.ctors.*))
 *(.ctors)
 *crtbegin.o(.dtors)
 *crtbegin?.o(.dtors)
 *(EXCLUDE_FILE(*crtend.o *crtend?.o) .dtors)
 *(SORT_BY_NAME(.dtors.*))
 *(.dtors)
 *(.eh_frame*)
 .eh_frame      0x100042c0        0x0 c:/progra~2/armgnu~1/112202~1.02/bin/../lib/gcc/arm-none-eabi/11.2.1/thumb/v6-m/nofp/crtbegin.o
                0x100042c0                . = ALIGN (0x4)

.glue_7         0x100042c0        0x0
 .glue_7        0x100042c0        0x0 linker stubs

.glue_7t        0x100042c0        0x0
 .glue_7t       0x100042c0        0x0 linker stubs

.vfp11_veneer   0x100042c0        0x0
 .vfp11_veneer  0x100042c0        0x0 linker stubs

.v4_bx          0x100042c0        0x0
 .v4_bx         0x100042c0        0x0 linker stubs

.iplt           0x100042c0        0x0
 .iplt          0x100042c0        0x0 c:/progra~2/armgnu~1/112202~1.02/bin/../lib/gcc/arm-none-eabi/11.2.1/thumb/v6-m/nofp/crtbegin.o

.rodata         0x100042c0     0x139c
 *(EXCLUDE_FILE(*libm.a: *libc.a:*lib_a-mem*.o *libgcc.a:) .rodata*)
 .rodata.make_branch.str1.4
                0x100042c0       0xd8 CMakeFiles/Lab2.dir/585e1e091a5fd5c04a18b1e54298091d/Uni/2023/Semester_2/CC2511_-_Embedded_Systems_Design/Subject_Software/pico-sdk-master/src/rp2_common/hardware_irq/irq.c.obj
 .rodata.insert_branch_and_link.str1.4
                0x10004398       0x10 CMakeFiles/Lab2.dir/585e1e091a5fd5c04a18b1e54298091d/Uni/2023/Semester_2/CC2511_-_Embedded_Systems_Design/Subject_Software/pico-sdk-master/src/rp2_common/hardware_irq/irq.c.obj
 .rodata.irq_set_exclusive_handler.str1.4
                0x100043a8       0x36 CMakeFiles/Lab2.dir/585e1e091a5fd5c04a18b1e54298091d/Uni/2023/Semester_2/CC2511_-_Embedded_Systems_Design/Subject_Software/pico-sdk-master/src/rp2_common/hardware_irq/irq.c.obj
 *fill*         0x100043de        0x2 
 .rodata.irq_add_shared_handler.str1.4
                0x100043e0       0xd9 CMakeFiles/Lab2.dir/585e1e091a5fd5c04a18b1e54298091d/Uni/2023/Semester_2/CC2511_-_Embedded_Systems_Design/Subject_Software/pico-sdk-master/src/rp2_common/hardware_irq/irq.c.obj
 *fill*         0x100044b9        0x3 
 .rodata.irq_remove_handler.str1.4
                0x100044bc       0x3a CMakeFiles/Lab2.dir/585e1e091a5fd5c04a18b1e54298091d/Uni/2023/Semester_2/CC2511_-_Embedded_Systems_Design/Subject_Software/pico-sdk-master/src/rp2_common/hardware_irq/irq.c.obj
 *fill*         0x100044f6        0x2 
 .rodata.irq_add_tail_to_free_list.str1.4
                0x100044f8       0x3a CMakeFiles/Lab2.dir/585e1e091a5fd5c04a18b1e54298091d/Uni/2023/Semester_2/CC2511_-_Embedded_Systems_Design/Subject_Software/pico-sdk-master/src/rp2_common/hardware_irq/irq.c.obj
 *fill*         0x10004532        0x2 
 .rodata.__func__.0
                0x10004534       0x1a CMakeFiles/Lab2.dir/585e1e091a5fd5c04a18b1e54298091d/Uni/2023/Semester_2/CC2511_-_Embedded_Systems_Design/Subject_Software/pico-sdk-master/src/rp2_common/hardware_irq/irq.c.obj
 *fill*         0x1000454e        0x2 
 .rodata.__func__.1
                0x10004550       0x17 CMakeFiles/Lab2.dir/585e1e091a5fd5c04a18b1e54298091d/Uni/2023/Semester_2/CC2511_-_Embedded_Systems_Design/Subject_Software/pico-sdk-master/src/rp2_common/hardware_irq/irq.c.obj
 *fill*         0x10004567        0x1 
 .rodata.__func__.2
                0x10004568       0x13 CMakeFiles/Lab2.dir/585e1e091a5fd5c04a18b1e54298091d/Uni/2023/Semester_2/CC2511_-_Embedded_Systems_Design/Subject_Software/pico-sdk-master/src/rp2_common/hardware_irq/irq.c.obj
 *fill*         0x1000457b        0x1 
 .rodata.__func__.3
                0x1000457c        0xc CMakeFiles/Lab2.dir/585e1e091a5fd5c04a18b1e54298091d/Uni/2023/Semester_2/CC2511_-_Embedded_Systems_Design/Subject_Software/pico-sdk-master/src/rp2_common/hardware_irq/irq.c.obj
 .rodata.__func__.4
                0x10004588        0xf CMakeFiles/Lab2.dir/585e1e091a5fd5c04a18b1e54298091d/Uni/2023/Semester_2/CC2511_-_Embedded_Systems_Design/Subject_Software/pico-sdk-master/src/rp2_common/hardware_irq/irq.c.obj
 *fill*         0x10004597        0x1 
 .rodata.__func__.6
                0x10004598       0x1a CMakeFiles/Lab2.dir/585e1e091a5fd5c04a18b1e54298091d/Uni/2023/Semester_2/CC2511_-_Embedded_Systems_Design/Subject_Software/pico-sdk-master/src/rp2_common/hardware_irq/irq.c.obj
 *fill*         0x100045b2        0x2 
 .rodata.str1.4
                0x100045b4      0x1c1 CMakeFiles/Lab2.dir/585e1e091a5fd5c04a18b1e54298091d/Uni/2023/Semester_2/CC2511_-_Embedded_Systems_Design/Subject_Software/pico-sdk-master/src/common/pico_sync/mutex.c.obj
 *fill*         0x10004775        0x3 
 .rodata.__func__.1
                0x10004778        0xb CMakeFiles/Lab2.dir/585e1e091a5fd5c04a18b1e54298091d/Uni/2023/Semester_2/CC2511_-_Embedded_Systems_Design/Subject_Software/pico-sdk-master/src/common/pico_sync/mutex.c.obj
 *fill*         0x10004783        0x1 
 .rodata.__func__.3
                0x10004784       0x18 CMakeFiles/Lab2.dir/585e1e091a5fd5c04a18b1e54298091d/Uni/2023/Semester_2/CC2511_-_Embedded_Systems_Design/Subject_Software/pico-sdk-master/src/common/pico_sync/mutex.c.obj
 .rodata.repeating_timer_callback.str1.4
                0x1000479c       0xb6 CMakeFiles/Lab2.dir/585e1e091a5fd5c04a18b1e54298091d/Uni/2023/Semester_2/CC2511_-_Embedded_Systems_Design/Subject_Software/pico-sdk-master/src/common/pico_time/time.c.obj
 *fill*         0x10004852        0x2 
 .rodata.timer_pool_entry_comparator.str1.4
                0x10004854       0x22 CMakeFiles/Lab2.dir/585e1e091a5fd5c04a18b1e54298091d/Uni/2023/Semester_2/CC2511_-_Embedded_Systems_Design/Subject_Software/pico-sdk-master/src/common/pico_time/time.c.obj
 *fill*         0x10004876        0x2 
 .rodata.ph_add_child_node.str1.4
                0x10004878      0x102 CMakeFiles/Lab2.dir/585e1e091a5fd5c04a18b1e54298091d/Uni/2023/Semester_2/CC2511_-_Embedded_Systems_Design/Subject_Software/pico-sdk-master/src/common/pico_time/time.c.obj
 *fill*         0x1000497a        0x2 
 .rodata.add_alarm_under_lock.str1.4
                0x1000497c       0x28 CMakeFiles/Lab2.dir/585e1e091a5fd5c04a18b1e54298091d/Uni/2023/Semester_2/CC2511_-_Embedded_Systems_Design/Subject_Software/pico-sdk-master/src/common/pico_time/time.c.obj
                                 0x2b (size before relaxing)
 .rodata.alarm_pool_alarm_callback.str1.4
                0x100049a4       0x98 CMakeFiles/Lab2.dir/585e1e091a5fd5c04a18b1e54298091d/Uni/2023/Semester_2/CC2511_-_Embedded_Systems_Design/Subject_Software/pico-sdk-master/src/common/pico_time/time.c.obj
                                0x164 (size before relaxing)
 .rodata.alarm_pool_get_default.str1.4
                0x10004a3c       0x21 CMakeFiles/Lab2.dir/585e1e091a5fd5c04a18b1e54298091d/Uni/2023/Semester_2/CC2511_-_Embedded_Systems_Design/Subject_Software/pico-sdk-master/src/common/pico_time/time.c.obj
 *fill*         0x10004a5d        0x3 
 .rodata.alarm_pool_cancel_alarm.str1.4
                0x10004a60       0x27 CMakeFiles/Lab2.dir/585e1e091a5fd5c04a18b1e54298091d/Uni/2023/Semester_2/CC2511_-_Embedded_Systems_Design/Subject_Software/pico-sdk-master/src/common/pico_time/time.c.obj
 *fill*         0x10004a87        0x1 
 .rodata.sleep_until.str1.4
                0x10004a88       0x4d CMakeFiles/Lab2.dir/585e1e091a5fd5c04a18b1e54298091d/Uni/2023/Semester_2/CC2511_-_Embedded_Systems_Design/Subject_Software/pico-sdk-master/src/common/pico_time/time.c.obj
 *fill*         0x10004ad5        0x3 
 .rodata.__func__.1
                0x10004ad8       0x18 CMakeFiles/Lab2.dir/585e1e091a5fd5c04a18b1e54298091d/Uni/2023/Semester_2/CC2511_-_Embedded_Systems_Design/Subject_Software/pico-sdk-master/src/common/pico_time/time.c.obj
 .rodata.__func__.10
                0x10004af0       0x15 CMakeFiles/Lab2.dir/585e1e091a5fd5c04a18b1e54298091d/Uni/2023/Semester_2/CC2511_-_Embedded_Systems_Design/Subject_Software/pico-sdk-master/src/common/pico_time/time.c.obj
 *fill*         0x10004b05        0x3 
 .rodata.__func__.11
                0x10004b08       0x1a CMakeFiles/Lab2.dir/585e1e091a5fd5c04a18b1e54298091d/Uni/2023/Semester_2/CC2511_-_Embedded_Systems_Design/Subject_Software/pico-sdk-master/src/common/pico_time/time.c.obj
 *fill*         0x10004b22        0x2 
 .rodata.__func__.12
                0x10004b24        0xa CMakeFiles/Lab2.dir/585e1e091a5fd5c04a18b1e54298091d/Uni/2023/Semester_2/CC2511_-_Embedded_Systems_Design/Subject_Software/pico-sdk-master/src/common/pico_time/time.c.obj
 *fill*         0x10004b2e        0x2 
 .rodata.__func__.3
                0x10004b30       0x17 CMakeFiles/Lab2.dir/585e1e091a5fd5c04a18b1e54298091d/Uni/2023/Semester_2/CC2511_-_Embedded_Systems_Design/Subject_Software/pico-sdk-master/src/common/pico_time/time.c.obj
 *fill*         0x10004b47        0x1 
 .rodata.__func__.4
                0x10004b48       0x12 CMakeFiles/Lab2.dir/585e1e091a5fd5c04a18b1e54298091d/Uni/2023/Semester_2/CC2511_-_Embedded_Systems_Design/Subject_Software/pico-sdk-master/src/common/pico_time/time.c.obj
 *fill*         0x10004b5a        0x2 
 .rodata.__func__.5
                0x10004b5c        0xd CMakeFiles/Lab2.dir/585e1e091a5fd5c04a18b1e54298091d/Uni/2023/Semester_2/CC2511_-_Embedded_Systems_Design/Subject_Software/pico-sdk-master/src/common/pico_time/time.c.obj
 *fill*         0x10004b69        0x3 
 .rodata.__func__.6
                0x10004b6c       0x12 CMakeFiles/Lab2.dir/585e1e091a5fd5c04a18b1e54298091d/Uni/2023/Semester_2/CC2511_-_Embedded_Systems_Design/Subject_Software/pico-sdk-master/src/common/pico_time/time.c.obj
 *fill*         0x10004b7e        0x2 
 .rodata.__func__.7
                0x10004b80        0xf CMakeFiles/Lab2.dir/585e1e091a5fd5c04a18b1e54298091d/Uni/2023/Semester_2/CC2511_-_Embedded_Systems_Design/Subject_Software/pico-sdk-master/src/common/pico_time/time.c.obj
 *fill*         0x10004b8f        0x1 
 .rodata.__func__.8
                0x10004b90        0xc CMakeFiles/Lab2.dir/585e1e091a5fd5c04a18b1e54298091d/Uni/2023/Semester_2/CC2511_-_Embedded_Systems_Design/Subject_Software/pico-sdk-master/src/common/pico_time/time.c.obj
 .rodata.__func__.9
                0x10004b9c       0x15 CMakeFiles/Lab2.dir/585e1e091a5fd5c04a18b1e54298091d/Uni/2023/Semester_2/CC2511_-_Embedded_Systems_Design/Subject_Software/pico-sdk-master/src/common/pico_time/time.c.obj
 *fill*         0x10004bb1        0x3 
 .rodata.hardware_alarm_claim.str1.4
                0x10004bb4       0x22 CMakeFiles/Lab2.dir/585e1e091a5fd5c04a18b1e54298091d/Uni/2023/Semester_2/CC2511_-_Embedded_Systems_Design/Subject_Software/pico-sdk-master/src/rp2_common/hardware_timer/timer.c.obj
 *fill*         0x10004bd6        0x2 
 .rodata.hardware_alarm_set_target.str1.4
                0x10004bd8       0xd0 CMakeFiles/Lab2.dir/585e1e091a5fd5c04a18b1e54298091d/Uni/2023/Semester_2/CC2511_-_Embedded_Systems_Design/Subject_Software/pico-sdk-master/src/rp2_common/hardware_timer/timer.c.obj
 .rodata.__func__.0
                0x10004ca8       0x1a CMakeFiles/Lab2.dir/585e1e091a5fd5c04a18b1e54298091d/Uni/2023/Semester_2/CC2511_-_Embedded_Systems_Design/Subject_Software/pico-sdk-master/src/rp2_common/hardware_timer/timer.c.obj
 .rodata.ph_add_child_node.str1.4
                0x10004cc2      0x102 CMakeFiles/Lab2.dir/585e1e091a5fd5c04a18b1e54298091d/Uni/2023/Semester_2/CC2511_-_Embedded_Systems_Design/Subject_Software/pico-sdk-master/src/common/pico_util/pheap.c.obj
 *fill*         0x10004cc2        0x2 
 .rodata.ph_remove_any_head.str1.4
                0x10004cc4       0xf8 CMakeFiles/Lab2.dir/585e1e091a5fd5c04a18b1e54298091d/Uni/2023/Semester_2/CC2511_-_Embedded_Systems_Design/Subject_Software/pico-sdk-master/src/common/pico_util/pheap.c.obj
                                0x10c (size before relaxing)
 .rodata.ph_remove_and_free_node.str1.4
                0x10004dbc       0x1e CMakeFiles/Lab2.dir/585e1e091a5fd5c04a18b1e54298091d/Uni/2023/Semester_2/CC2511_-_Embedded_Systems_Design/Subject_Software/pico-sdk-master/src/common/pico_util/pheap.c.obj
                                 0x26 (size before relaxing)
 *fill*         0x10004dda        0x2 
 .rodata.__func__.0
                0x10004ddc       0x18 CMakeFiles/Lab2.dir/585e1e091a5fd5c04a18b1e54298091d/Uni/2023/Semester_2/CC2511_-_Embedded_Systems_Design/Subject_Software/pico-sdk-master/src/common/pico_util/pheap.c.obj
 .rodata.__func__.1
                0x10004df4       0x13 CMakeFiles/Lab2.dir/585e1e091a5fd5c04a18b1e54298091d/Uni/2023/Semester_2/CC2511_-_Embedded_Systems_Design/Subject_Software/pico-sdk-master/src/common/pico_util/pheap.c.obj
 *fill*         0x10004e07        0x1 
 .rodata.__func__.2
                0x10004e08       0x12 CMakeFiles/Lab2.dir/585e1e091a5fd5c04a18b1e54298091d/Uni/2023/Semester_2/CC2511_-_Embedded_Systems_Design/Subject_Software/pico-sdk-master/src/common/pico_util/pheap.c.obj
 *fill*         0x10004e1a        0x2 
 .rodata.__func__.3
                0x10004e1c        0xc CMakeFiles/Lab2.dir/585e1e091a5fd5c04a18b1e54298091d/Uni/2023/Semester_2/CC2511_-_Embedded_Systems_Design/Subject_Software/pico-sdk-master/src/common/pico_util/pheap.c.obj
 .rodata.clock_configure.str1.4
                0x10004e28       0xc2 CMakeFiles/Lab2.dir/585e1e091a5fd5c04a18b1e54298091d/Uni/2023/Semester_2/CC2511_-_Embedded_Systems_Design/Subject_Software/pico-sdk-master/src/rp2_common/hardware_clocks/clocks.c.obj
 *fill*         0x10004eea        0x2 
 .rodata.__func__.1
                0x10004eec       0x10 CMakeFiles/Lab2.dir/585e1e091a5fd5c04a18b1e54298091d/Uni/2023/Semester_2/CC2511_-_Embedded_Systems_Design/Subject_Software/pico-sdk-master/src/rp2_common/hardware_clocks/clocks.c.obj
 .rodata.pll_init.str1.4
                0x10004efc      0x18c CMakeFiles/Lab2.dir/585e1e091a5fd5c04a18b1e54298091d/Uni/2023/Semester_2/CC2511_-_Embedded_Systems_Design/Subject_Software/pico-sdk-master/src/rp2_common/hardware_pll/pll.c.obj
 .rodata.__func__.0
                0x10005088        0x9 CMakeFiles/Lab2.dir/585e1e091a5fd5c04a18b1e54298091d/Uni/2023/Semester_2/CC2511_-_Embedded_Systems_Design/Subject_Software/pico-sdk-master/src/rp2_common/hardware_pll/pll.c.obj
 *fill*         0x10005091        0x3 
 .rodata.__assert_func.str1.4
                0x10005094       0x3f CMakeFiles/Lab2.dir/585e1e091a5fd5c04a18b1e54298091d/Uni/2023/Semester_2/CC2511_-_Embedded_Systems_Design/Subject_Software/pico-sdk-master/src/rp2_common/pico_runtime/runtime.c.obj
                                 0x43 (size before relaxing)
 *fill*         0x100050d3        0x1 
 .rodata.runtime_init.str1.4
                0x100050d4       0xcc CMakeFiles/Lab2.dir/585e1e091a5fd5c04a18b1e54298091d/Uni/2023/Semester_2/CC2511_-_Embedded_Systems_Design/Subject_Software/pico-sdk-master/src/rp2_common/pico_runtime/runtime.c.obj
 .rodata.panic.str1.4
                0x100051a0       0x12 CMakeFiles/Lab2.dir/585e1e091a5fd5c04a18b1e54298091d/Uni/2023/Semester_2/CC2511_-_Embedded_Systems_Design/Subject_Software/pico-sdk-master/src/rp2_common/pico_runtime/runtime.c.obj
 *fill*         0x100051b2        0x2 
 .rodata.__func__.2
                0x100051b4        0xd CMakeFiles/Lab2.dir/585e1e091a5fd5c04a18b1e54298091d/Uni/2023/Semester_2/CC2511_-_Embedded_Systems_Design/Subject_Software/pico-sdk-master/src/rp2_common/pico_runtime/runtime.c.obj
 *fill*         0x100051c1        0x3 
 .rodata._ftoa.str1.4
                0x100051c4       0x15 CMakeFiles/Lab2.dir/585e1e091a5fd5c04a18b1e54298091d/Uni/2023/Semester_2/CC2511_-_Embedded_Systems_Design/Subject_Software/pico-sdk-master/src/rp2_common/pico_printf/printf.c.obj
 *fill*         0x100051d9        0x3 
 .rodata._vsnprintf
                0x100051dc      0x19c CMakeFiles/Lab2.dir/585e1e091a5fd5c04a18b1e54298091d/Uni/2023/Semester_2/CC2511_-_Embedded_Systems_Design/Subject_Software/pico-sdk-master/src/rp2_common/pico_printf/printf.c.obj
 .rodata.pow10.0
                0x10005378       0x50 CMakeFiles/Lab2.dir/585e1e091a5fd5c04a18b1e54298091d/Uni/2023/Semester_2/CC2511_-_Embedded_Systems_Design/Subject_Software/pico-sdk-master/src/rp2_common/pico_printf/printf.c.obj
 .rodata.__aeabi_double_init.str1.4
                0x100053c8      0x107 CMakeFiles/Lab2.dir/4629940fcbd48e2f2e3f8d16c5e3490d/Semester_2/CC2511_-_Embedded_Systems_Design/Subject_Software/pico-sdk-master/src/rp2_common/pico_double/double_init_rom.c.obj
 *fill*         0x100054cf        0x1 
 .rodata.__func__.0
                0x100054d0       0x14 CMakeFiles/Lab2.dir/4629940fcbd48e2f2e3f8d16c5e3490d/Semester_2/CC2511_-_Embedded_Systems_Design/Subject_Software/pico-sdk-master/src/rp2_common/pico_double/double_init_rom.c.obj
 .rodata.__aeabi_float_init.str1.4
                0x100054e4       0xe5 CMakeFiles/Lab2.dir/540d03b26d98c39dbd556044adc6261f/2023/Semester_2/CC2511_-_Embedded_Systems_Design/Subject_Software/pico-sdk-master/src/rp2_common/pico_float/float_init_rom.c.obj
                                 0xe9 (size before relaxing)
 *fill*         0x100055c9        0x3 
 .rodata.__func__.0
                0x100055cc       0x13 CMakeFiles/Lab2.dir/540d03b26d98c39dbd556044adc6261f/2023/Semester_2/CC2511_-_Embedded_Systems_Design/Subject_Software/pico-sdk-master/src/rp2_common/pico_float/float_init_rom.c.obj
 *fill*         0x100055df        0x1 
 .rodata.str1.4
                0x100055e0       0x3c CMakeFiles/Lab2.dir/4629940fcbd48e2f2e3f8d16c5e3490d/Semester_2/CC2511_-_Embedded_Systems_Design/Subject_Software/pico-sdk-master/src/rp2_common/pico_standard_link/binary_info.c.obj
 .rodata.__bi_44
                0x1000561c        0xc CMakeFiles/Lab2.dir/4629940fcbd48e2f2e3f8d16c5e3490d/Semester_2/CC2511_-_Embedded_Systems_Design/Subject_Software/pico-sdk-master/src/rp2_common/pico_standard_link/binary_info.c.obj
 .rodata.__bi_75
                0x10005628        0xc CMakeFiles/Lab2.dir/4629940fcbd48e2f2e3f8d16c5e3490d/Semester_2/CC2511_-_Embedded_Systems_Design/Subject_Software/pico-sdk-master/src/rp2_common/pico_standard_link/binary_info.c.obj
 .rodata.__bi_81
                0x10005634        0xc CMakeFiles/Lab2.dir/4629940fcbd48e2f2e3f8d16c5e3490d/Semester_2/CC2511_-_Embedded_Systems_Design/Subject_Software/pico-sdk-master/src/rp2_common/pico_standard_link/binary_info.c.obj
 .rodata.stdout_serialize_begin.str1.4
                0x10005640       0xcc CMakeFiles/Lab2.dir/585e1e091a5fd5c04a18b1e54298091d/Uni/2023/Semester_2/CC2511_-_Embedded_Systems_Design/Subject_Software/pico-sdk-master/src/rp2_common/pico_stdio/stdio.c.obj
 .rodata.__func__.3
                0x10005640       0x15 CMakeFiles/Lab2.dir/585e1e091a5fd5c04a18b1e54298091d/Uni/2023/Semester_2/CC2511_-_Embedded_Systems_Design/Subject_Software/pico-sdk-master/src/rp2_common/pico_stdio/stdio.c.obj
 *fill*         0x10005655        0x3 
 .rodata.crlf_str.2
                0x10005658        0x2 CMakeFiles/Lab2.dir/585e1e091a5fd5c04a18b1e54298091d/Uni/2023/Semester_2/CC2511_-_Embedded_Systems_Design/Subject_Software/pico-sdk-master/src/rp2_common/pico_stdio/stdio.c.obj
                0x1000565c                . = ALIGN (0x4)
 *fill*         0x1000565a        0x2 
 *(SORT_BY_ALIGNMENT(SORT_BY_NAME(.flashdata*)))
                0x1000565c                . = ALIGN (0x4)

.ARM.extab
 *(.ARM.extab* .gnu.linkonce.armextab.*)
                0x1000565c                __exidx_start = .

.ARM.exidx
 *(.ARM.exidx* .gnu.linkonce.armexidx.*)
                0x1000565c                __exidx_end = .
                0x1000565c                . = ALIGN (0x4)
                0x1000565c                __binary_info_start = .

.binary_info    0x1000565c       0x1c
 *(.binary_info.keep.*)
 .binary_info.keep.__bi_ptr22
                0x1000565c        0x4 CMakeFiles/Lab2.dir/4629940fcbd48e2f2e3f8d16c5e3490d/Semester_2/CC2511_-_Embedded_Systems_Design/Subject_Software/pico-sdk-master/src/rp2_common/pico_standard_link/binary_info.c.obj
 .binary_info.keep.__bi_ptr30
                0x10005660        0x4 CMakeFiles/Lab2.dir/4629940fcbd48e2f2e3f8d16c5e3490d/Semester_2/CC2511_-_Embedded_Systems_Design/Subject_Software/pico-sdk-master/src/rp2_common/pico_standard_link/binary_info.c.obj
 .binary_info.keep.__bi_ptr38
                0x10005664        0x4 CMakeFiles/Lab2.dir/4629940fcbd48e2f2e3f8d16c5e3490d/Semester_2/CC2511_-_Embedded_Systems_Design/Subject_Software/pico-sdk-master/src/rp2_common/pico_standard_link/binary_info.c.obj
 .binary_info.keep.__bi_ptr44
                0x10005668        0x4 CMakeFiles/Lab2.dir/4629940fcbd48e2f2e3f8d16c5e3490d/Semester_2/CC2511_-_Embedded_Systems_Design/Subject_Software/pico-sdk-master/src/rp2_common/pico_standard_link/binary_info.c.obj
 .binary_info.keep.__bi_ptr50
                0x1000566c        0x4 CMakeFiles/Lab2.dir/4629940fcbd48e2f2e3f8d16c5e3490d/Semester_2/CC2511_-_Embedded_Systems_Design/Subject_Software/pico-sdk-master/src/rp2_common/pico_standard_link/binary_info.c.obj
 .binary_info.keep.__bi_ptr75
                0x10005670        0x4 CMakeFiles/Lab2.dir/4629940fcbd48e2f2e3f8d16c5e3490d/Semester_2/CC2511_-_Embedded_Systems_Design/Subject_Software/pico-sdk-master/src/rp2_common/pico_standard_link/binary_info.c.obj
 .binary_info.keep.__bi_ptr81
                0x10005674        0x4 CMakeFiles/Lab2.dir/4629940fcbd48e2f2e3f8d16c5e3490d/Semester_2/CC2511_-_Embedded_Systems_Design/Subject_Software/pico-sdk-master/src/rp2_common/pico_standard_link/binary_info.c.obj
 *(.binary_info.*)
                0x10005678                __binary_info_end = .

.rel.dyn        0x10005678        0x0
 .rel.iplt      0x10005678        0x0 c:/progra~2/armgnu~1/112202~1.02/bin/../lib/gcc/arm-none-eabi/11.2.1/thumb/v6-m/nofp/crtbegin.o
                0x10005678                . = ALIGN (0x4)

.ram_vector_table
                0x20000000       0xc0
 *(.ram_vector_table)
 .ram_vector_table
                0x20000000       0xc0 CMakeFiles/Lab2.dir/585e1e091a5fd5c04a18b1e54298091d/Uni/2023/Semester_2/CC2511_-_Embedded_Systems_Design/Subject_Software/pico-sdk-master/src/rp2_common/pico_runtime/runtime.c.obj
                0x20000000                ram_vector_table

.data           0x200000c0      0x22c load address 0x10005678
                0x200000c0                __data_start__ = .
 *(vtable)
 *(.time_critical*)
 .time_critical.mutex_try_enter
                0x200000c0       0x46 CMakeFiles/Lab2.dir/585e1e091a5fd5c04a18b1e54298091d/Uni/2023/Semester_2/CC2511_-_Embedded_Systems_Design/Subject_Software/pico-sdk-master/src/common/pico_sync/mutex.c.obj
                0x200000c0                mutex_try_enter
 *fill*         0x20000106        0x2 
 .time_critical.mutex_enter_block_until
                0x20000108       0x8c CMakeFiles/Lab2.dir/585e1e091a5fd5c04a18b1e54298091d/Uni/2023/Semester_2/CC2511_-_Embedded_Systems_Design/Subject_Software/pico-sdk-master/src/common/pico_sync/mutex.c.obj
                0x20000108                mutex_enter_block_until
 .time_critical.mutex_try_enter_block_until
                0x20000194       0x34 CMakeFiles/Lab2.dir/585e1e091a5fd5c04a18b1e54298091d/Uni/2023/Semester_2/CC2511_-_Embedded_Systems_Design/Subject_Software/pico-sdk-master/src/common/pico_sync/mutex.c.obj
                0x20000194                mutex_try_enter_block_until
 .time_critical.mutex_exit
                0x200001c8       0x4c CMakeFiles/Lab2.dir/585e1e091a5fd5c04a18b1e54298091d/Uni/2023/Semester_2/CC2511_-_Embedded_Systems_Design/Subject_Software/pico-sdk-master/src/common/pico_sync/mutex.c.obj
                0x200001c8                mutex_exit
 *(.text*)
 .text          0x20000214        0x4 c:/progra~2/armgnu~1/112202~1.02/bin/../lib/gcc/arm-none-eabi/11.2.1/thumb/v6-m/nofp\libgcc.a(_dvmd_tls.o)
                0x20000214                __aeabi_idiv0
                0x20000214                __aeabi_ldiv0
 .text.__stub   0x20000218       0x20 linker stubs
                0x20000238                . = ALIGN (0x4)
 *(.rodata*)
                0x20000238                . = ALIGN (0x4)
 *(.data*)
 .data.striped_spin_lock_num
                0x20000238        0x1 CMakeFiles/Lab2.dir/585e1e091a5fd5c04a18b1e54298091d/Uni/2023/Semester_2/CC2511_-_Embedded_Systems_Design/Subject_Software/pico-sdk-master/src/rp2_common/hardware_sync/sync.c.obj
 *fill*         0x20000239        0x3 
 .data          0x2000023c       0x48 CMakeFiles/Lab2.dir/4629940fcbd48e2f2e3f8d16c5e3490d/Semester_2/CC2511_-_Embedded_Systems_Design/Subject_Software/pico-sdk-master/src/rp2_common/hardware_irq/irq_handler_chain.S.obj
                0x2000023c                irq_handler_chain_slots
                0x2000026c                irq_handler_chain_first_slot
                0x20000276                irq_handler_chain_remove_tail
 .data.default_alarm_pool
                0x20000284       0x18 CMakeFiles/Lab2.dir/585e1e091a5fd5c04a18b1e54298091d/Uni/2023/Semester_2/CC2511_-_Embedded_Systems_Design/Subject_Software/pico-sdk-master/src/common/pico_time/time.c.obj
 .data.default_alarm_pool_heap
                0x2000029c       0x10 CMakeFiles/Lab2.dir/585e1e091a5fd5c04a18b1e54298091d/Uni/2023/Semester_2/CC2511_-_Embedded_Systems_Design/Subject_Software/pico-sdk-master/src/common/pico_time/time.c.obj
 *fill*         0x200002ac        0x4 
 .data.aeabi_bits_funcs
                0x200002b0       0x10 CMakeFiles/Lab2.dir/540d03b26d98c39dbd556044adc6261f/2023/Semester_2/CC2511_-_Embedded_Systems_Design/Subject_Software/pico-sdk-master/src/rp2_common/pico_bit_ops/bit_ops_aeabi.S.obj
                0x200002b0                aeabi_bits_funcs
                0x200002c0                aeabi_bits_funcs_end
 .data.aeabi_mem_funcs
                0x200002c0       0x10 CMakeFiles/Lab2.dir/540d03b26d98c39dbd556044adc6261f/2023/Semester_2/CC2511_-_Embedded_Systems_Design/Subject_Software/pico-sdk-master/src/rp2_common/pico_mem_ops/mem_ops_aeabi.S.obj
                0x200002c0                aeabi_mem_funcs
                0x200002d0                aeabi_mem_funcs_end
                0x200002d0                . = ALIGN (0x4)
 *(.after_data.*)
                0x200002d0                . = ALIGN (0x4)
                0x200002d0                PROVIDE (__mutex_array_start = .)
 *(SORT_BY_NAME(.mutex_array.*))
 *(.mutex_array)
 .mutex_array   0x200002d0        0x8 CMakeFiles/Lab2.dir/585e1e091a5fd5c04a18b1e54298091d/Uni/2023/Semester_2/CC2511_-_Embedded_Systems_Design/Subject_Software/pico-sdk-master/src/rp2_common/pico_stdio/stdio.c.obj
                0x200002d8                PROVIDE (__mutex_array_end = .)
                0x200002d8                . = ALIGN (0x4)
                0x200002d8                PROVIDE (__preinit_array_start = .)
 *(SORT_BY_NAME(.preinit_array.*))
 .preinit_array.00001
                0x200002d8        0x4 CMakeFiles/Lab2.dir/540d03b26d98c39dbd556044adc6261f/2023/Semester_2/CC2511_-_Embedded_Systems_Design/Subject_Software/pico-sdk-master/src/rp2_common/pico_mem_ops/mem_ops_aeabi.S.obj
 .preinit_array.00010
                0x200002dc        0x4 CMakeFiles/Lab2.dir/540d03b26d98c39dbd556044adc6261f/2023/Semester_2/CC2511_-_Embedded_Systems_Design/Subject_Software/pico-sdk-master/src/rp2_common/pico_bit_ops/bit_ops_aeabi.S.obj
 .preinit_array.00020
                0x200002e0        0x4 CMakeFiles/Lab2.dir/540d03b26d98c39dbd556044adc6261f/2023/Semester_2/CC2511_-_Embedded_Systems_Design/Subject_Software/pico-sdk-master/src/rp2_common/pico_double/double_aeabi.S.obj
 .preinit_array.00020
                0x200002e4        0x4 CMakeFiles/Lab2.dir/585e1e091a5fd5c04a18b1e54298091d/Uni/2023/Semester_2/CC2511_-_Embedded_Systems_Design/Subject_Software/pico-sdk-master/src/rp2_common/pico_float/float_aeabi.S.obj
 *(.preinit_array)
                0x200002e8                PROVIDE (__preinit_array_end = .)
                0x200002e8                . = ALIGN (0x4)
                0x200002e8                PROVIDE (__init_array_start = .)
 *(SORT_BY_NAME(.init_array.*))
 *(.init_array)
 .init_array    0x200002e8        0x4 c:/progra~2/armgnu~1/112202~1.02/bin/../lib/gcc/arm-none-eabi/11.2.1/thumb/v6-m/nofp/crtbegin.o
                0x200002ec                PROVIDE (__init_array_end = .)
                0x200002ec                . = ALIGN (0x4)
                [!provide]                PROVIDE (__fini_array_start = .)
 *(SORT_BY_NAME(.fini_array.*))
 *(.fini_array)
                [!provide]                PROVIDE (__fini_array_end = .)
 *(.jcr)
                0x200002ec                . = ALIGN (0x4)
                0x200002ec                __data_end__ = .
                0x10005678                __etext = LOADADDR (.data)

.tm_clone_table
                0x200002ec        0x0 load address 0x100058a4
 .tm_clone_table
                0x200002ec        0x0 c:/progra~2/armgnu~1/112202~1.02/bin/../lib/gcc/arm-none-eabi/11.2.1/thumb/v6-m/nofp/crtbegin.o
 .tm_clone_table
                0x200002ec        0x0 c:/progra~2/armgnu~1/112202~1.02/bin/../lib/gcc/arm-none-eabi/11.2.1/thumb/v6-m/nofp/crtend.o

.igot.plt       0x200002ec        0x0 load address 0x100058a4
 .igot.plt      0x200002ec        0x0 c:/progra~2/armgnu~1/112202~1.02/bin/../lib/gcc/arm-none-eabi/11.2.1/thumb/v6-m/nofp/crtbegin.o

.uninitialized_data
                0x200002ec        0x0 load address 0x100058a4
                0x200002ec                . = ALIGN (0x4)
 *(.uninitialized_data*)

.scratch_x      0x20040000        0x0 load address 0x100058a4
                0x20040000                __scratch_x_start__ = .
 *(.scratch_x.*)
                0x20040000                . = ALIGN (0x4)
                0x20040000                __scratch_x_end__ = .
                0x100058a4                __scratch_x_source__ = LOADADDR (.scratch_x)

.scratch_y      0x20041000        0x0 load address 0x100058a4
                0x20041000                __scratch_y_start__ = .
 *(.scratch_y.*)
                0x20041000                . = ALIGN (0x4)
                0x20041000                __scratch_y_end__ = .
                0x100058a4                __scratch_y_source__ = LOADADDR (.scratch_y)

.bss            0x200002f0      0x3c4
                0x200002f0                . = ALIGN (0x4)
                0x200002f0                __bss_start__ = .
 *(SORT_BY_ALIGNMENT(SORT_BY_NAME(.bss*)))
 .bss.default_alarm_pool_entries
                0x200002f0      0x100 CMakeFiles/Lab2.dir/585e1e091a5fd5c04a18b1e54298091d/Uni/2023/Semester_2/CC2511_-_Embedded_Systems_Design/Subject_Software/pico-sdk-master/src/common/pico_time/time.c.obj
 .bss.alarm_callbacks
                0x200003f0       0x10 CMakeFiles/Lab2.dir/585e1e091a5fd5c04a18b1e54298091d/Uni/2023/Semester_2/CC2511_-_Embedded_Systems_Design/Subject_Software/pico-sdk-master/src/rp2_common/hardware_timer/timer.c.obj
 .bss.configured_freq
                0x20000400       0x28 CMakeFiles/Lab2.dir/585e1e091a5fd5c04a18b1e54298091d/Uni/2023/Semester_2/CC2511_-_Embedded_Systems_Design/Subject_Software/pico-sdk-master/src/rp2_common/hardware_clocks/clocks.c.obj
 .bss.default_alarm_pool_entry_ids_high
                0x20000428       0x10 CMakeFiles/Lab2.dir/585e1e091a5fd5c04a18b1e54298091d/Uni/2023/Semester_2/CC2511_-_Embedded_Systems_Design/Subject_Software/pico-sdk-master/src/common/pico_time/time.c.obj
 .bss.default_alarm_pool_heap_nodes
                0x20000438       0x30 CMakeFiles/Lab2.dir/585e1e091a5fd5c04a18b1e54298091d/Uni/2023/Semester_2/CC2511_-_Embedded_Systems_Design/Subject_Software/pico-sdk-master/src/common/pico_time/time.c.obj
 .bss.drivers   0x20000468        0x4 CMakeFiles/Lab2.dir/585e1e091a5fd5c04a18b1e54298091d/Uni/2023/Semester_2/CC2511_-_Embedded_Systems_Design/Subject_Software/pico-sdk-master/src/rp2_common/pico_stdio/stdio.c.obj
 .bss.filter    0x2000046c        0x4 CMakeFiles/Lab2.dir/585e1e091a5fd5c04a18b1e54298091d/Uni/2023/Semester_2/CC2511_-_Embedded_Systems_Design/Subject_Software/pico-sdk-master/src/rp2_common/pico_stdio/stdio.c.obj
 .bss.object.0  0x20000470       0x18 c:/progra~2/armgnu~1/112202~1.02/bin/../lib/gcc/arm-none-eabi/11.2.1/thumb/v6-m/nofp/crtbegin.o
 .bss.pools     0x20000488       0x10 CMakeFiles/Lab2.dir/585e1e091a5fd5c04a18b1e54298091d/Uni/2023/Semester_2/CC2511_-_Embedded_Systems_Design/Subject_Software/pico-sdk-master/src/common/pico_time/time.c.obj
 .bss.sd_table  0x20000498      0x100 CMakeFiles/Lab2.dir/4629940fcbd48e2f2e3f8d16c5e3490d/Semester_2/CC2511_-_Embedded_Systems_Design/Subject_Software/pico-sdk-master/src/rp2_common/pico_double/double_init_rom.c.obj
                0x20000498                sd_table
 .bss.sf_clz_func
                0x20000598        0x4 CMakeFiles/Lab2.dir/4629940fcbd48e2f2e3f8d16c5e3490d/Semester_2/CC2511_-_Embedded_Systems_Design/Subject_Software/pico-sdk-master/src/rp2_common/pico_double/double_init_rom.c.obj
                0x20000598                sf_clz_func
 .bss.sf_table  0x2000059c      0x100 CMakeFiles/Lab2.dir/540d03b26d98c39dbd556044adc6261f/2023/Semester_2/CC2511_-_Embedded_Systems_Design/Subject_Software/pico-sdk-master/src/rp2_common/pico_float/float_init_rom.c.obj
                0x2000059c                sf_table
 .bss.sleep_notifier
                0x2000069c        0x4 CMakeFiles/Lab2.dir/585e1e091a5fd5c04a18b1e54298091d/Uni/2023/Semester_2/CC2511_-_Embedded_Systems_Design/Subject_Software/pico-sdk-master/src/common/pico_time/time.c.obj
 .bss.target_hi
                0x200006a0       0x10 CMakeFiles/Lab2.dir/585e1e091a5fd5c04a18b1e54298091d/Uni/2023/Semester_2/CC2511_-_Embedded_Systems_Design/Subject_Software/pico-sdk-master/src/rp2_common/hardware_timer/timer.c.obj
 .bss.claimed   0x200006b0        0x1 CMakeFiles/Lab2.dir/585e1e091a5fd5c04a18b1e54298091d/Uni/2023/Semester_2/CC2511_-_Embedded_Systems_Design/Subject_Software/pico-sdk-master/src/rp2_common/hardware_timer/timer.c.obj
 .bss.irq_hander_chain_free_slot_head
                0x200006b1        0x1 CMakeFiles/Lab2.dir/585e1e091a5fd5c04a18b1e54298091d/Uni/2023/Semester_2/CC2511_-_Embedded_Systems_Design/Subject_Software/pico-sdk-master/src/rp2_common/hardware_irq/irq.c.obj
 .bss.timer_callbacks_pending
                0x200006b2        0x1 CMakeFiles/Lab2.dir/585e1e091a5fd5c04a18b1e54298091d/Uni/2023/Semester_2/CC2511_-_Embedded_Systems_Design/Subject_Software/pico-sdk-master/src/rp2_common/hardware_timer/timer.c.obj
 *(COMMON)
                0x200006b4                . = ALIGN (0x4)
 *fill*         0x200006b3        0x1 
                0x200006b4                __bss_end__ = .

.heap           0x200006b4      0x800
                0x200006b4                __end__ = .
                0x200006b4                end = __end__
 *(.heap*)
 .heap          0x200006b4      0x800 CMakeFiles/Lab2.dir/540d03b26d98c39dbd556044adc6261f/2023/Semester_2/CC2511_-_Embedded_Systems_Design/Subject_Software/pico-sdk-master/src/rp2_common/pico_standard_link/crt0.S.obj
                0x20000eb4                __HeapLimit = .

.stack1_dummy   0x20040000        0x0
 *(.stack1*)

.stack_dummy    0x20041000      0x800
 *(.stack*)
 .stack         0x20041000      0x800 CMakeFiles/Lab2.dir/540d03b26d98c39dbd556044adc6261f/2023/Semester_2/CC2511_-_Embedded_Systems_Design/Subject_Software/pico-sdk-master/src/rp2_common/pico_standard_link/crt0.S.obj

.flash_end      0x100058a4        0x0
                0x100058a4                PROVIDE (__flash_binary_end = .)
                0x20040000                __StackLimit = (ORIGIN (RAM) + LENGTH (RAM))
                0x20041000                __StackOneTop = (ORIGIN (SCRATCH_X) + LENGTH (SCRATCH_X))
                0x20042000                __StackTop = (ORIGIN (SCRATCH_Y) + LENGTH (SCRATCH_Y))
                0x20041000                __StackOneBottom = (__StackOneTop - SIZEOF (.stack1_dummy))
                0x20041800                __StackBottom = (__StackTop - SIZEOF (.stack_dummy))
                0x20042000                PROVIDE (__stack = __StackTop)
                0x00000001                ASSERT ((__StackLimit >= __HeapLimit), region RAM overflowed)
                0x00000001                ASSERT (((__binary_info_header_end - __logical_binary_start) <= 0x100), Binary info must be in first 256 bytes of the binary)
LOAD CMakeFiles/Lab2.dir/main.c.obj
LOAD CMakeFiles/Lab2.dir/585e1e091a5fd5c04a18b1e54298091d/Uni/2023/Semester_2/CC2511_-_Embedded_Systems_Design/Subject_Software/pico-sdk-master/src/rp2_common/pico_stdlib/stdlib.c.obj
LOAD CMakeFiles/Lab2.dir/585e1e091a5fd5c04a18b1e54298091d/Uni/2023/Semester_2/CC2511_-_Embedded_Systems_Design/Subject_Software/pico-sdk-master/src/rp2_common/hardware_gpio/gpio.c.obj
LOAD CMakeFiles/Lab2.dir/585e1e091a5fd5c04a18b1e54298091d/Uni/2023/Semester_2/CC2511_-_Embedded_Systems_Design/Subject_Software/pico-sdk-master/src/rp2_common/pico_platform/platform.c.obj
LOAD CMakeFiles/Lab2.dir/585e1e091a5fd5c04a18b1e54298091d/Uni/2023/Semester_2/CC2511_-_Embedded_Systems_Design/Subject_Software/pico-sdk-master/src/rp2_common/hardware_claim/claim.c.obj
LOAD CMakeFiles/Lab2.dir/585e1e091a5fd5c04a18b1e54298091d/Uni/2023/Semester_2/CC2511_-_Embedded_Systems_Design/Subject_Software/pico-sdk-master/src/rp2_common/hardware_sync/sync.c.obj
LOAD CMakeFiles/Lab2.dir/585e1e091a5fd5c04a18b1e54298091d/Uni/2023/Semester_2/CC2511_-_Embedded_Systems_Design/Subject_Software/pico-sdk-master/src/rp2_common/hardware_irq/irq.c.obj
LOAD CMakeFiles/Lab2.dir/4629940fcbd48e2f2e3f8d16c5e3490d/Semester_2/CC2511_-_Embedded_Systems_Design/Subject_Software/pico-sdk-master/src/rp2_common/hardware_irq/irq_handler_chain.S.obj
LOAD CMakeFiles/Lab2.dir/585e1e091a5fd5c04a18b1e54298091d/Uni/2023/Semester_2/CC2511_-_Embedded_Systems_Design/Subject_Software/pico-sdk-master/src/common/pico_sync/sem.c.obj
LOAD CMakeFiles/Lab2.dir/585e1e091a5fd5c04a18b1e54298091d/Uni/2023/Semester_2/CC2511_-_Embedded_Systems_Design/Subject_Software/pico-sdk-master/src/common/pico_sync/lock_core.c.obj
LOAD CMakeFiles/Lab2.dir/585e1e091a5fd5c04a18b1e54298091d/Uni/2023/Semester_2/CC2511_-_Embedded_Systems_Design/Subject_Software/pico-sdk-master/src/common/pico_sync/mutex.c.obj
LOAD CMakeFiles/Lab2.dir/585e1e091a5fd5c04a18b1e54298091d/Uni/2023/Semester_2/CC2511_-_Embedded_Systems_Design/Subject_Software/pico-sdk-master/src/common/pico_sync/critical_section.c.obj
LOAD CMakeFiles/Lab2.dir/585e1e091a5fd5c04a18b1e54298091d/Uni/2023/Semester_2/CC2511_-_Embedded_Systems_Design/Subject_Software/pico-sdk-master/src/common/pico_time/time.c.obj
LOAD CMakeFiles/Lab2.dir/585e1e091a5fd5c04a18b1e54298091d/Uni/2023/Semester_2/CC2511_-_Embedded_Systems_Design/Subject_Software/pico-sdk-master/src/common/pico_time/timeout_helper.c.obj
LOAD CMakeFiles/Lab2.dir/585e1e091a5fd5c04a18b1e54298091d/Uni/2023/Semester_2/CC2511_-_Embedded_Systems_Design/Subject_Software/pico-sdk-master/src/rp2_common/hardware_timer/timer.c.obj
LOAD CMakeFiles/Lab2.dir/585e1e091a5fd5c04a18b1e54298091d/Uni/2023/Semester_2/CC2511_-_Embedded_Systems_Design/Subject_Software/pico-sdk-master/src/common/pico_util/datetime.c.obj
LOAD CMakeFiles/Lab2.dir/585e1e091a5fd5c04a18b1e54298091d/Uni/2023/Semester_2/CC2511_-_Embedded_Systems_Design/Subject_Software/pico-sdk-master/src/common/pico_util/pheap.c.obj
LOAD CMakeFiles/Lab2.dir/585e1e091a5fd5c04a18b1e54298091d/Uni/2023/Semester_2/CC2511_-_Embedded_Systems_Design/Subject_Software/pico-sdk-master/src/common/pico_util/queue.c.obj
LOAD CMakeFiles/Lab2.dir/585e1e091a5fd5c04a18b1e54298091d/Uni/2023/Semester_2/CC2511_-_Embedded_Systems_Design/Subject_Software/pico-sdk-master/src/rp2_common/hardware_uart/uart.c.obj
LOAD CMakeFiles/Lab2.dir/585e1e091a5fd5c04a18b1e54298091d/Uni/2023/Semester_2/CC2511_-_Embedded_Systems_Design/Subject_Software/pico-sdk-master/src/rp2_common/hardware_clocks/clocks.c.obj
LOAD CMakeFiles/Lab2.dir/585e1e091a5fd5c04a18b1e54298091d/Uni/2023/Semester_2/CC2511_-_Embedded_Systems_Design/Subject_Software/pico-sdk-master/src/rp2_common/hardware_pll/pll.c.obj
LOAD CMakeFiles/Lab2.dir/585e1e091a5fd5c04a18b1e54298091d/Uni/2023/Semester_2/CC2511_-_Embedded_Systems_Design/Subject_Software/pico-sdk-master/src/rp2_common/hardware_vreg/vreg.c.obj
LOAD CMakeFiles/Lab2.dir/540d03b26d98c39dbd556044adc6261f/2023/Semester_2/CC2511_-_Embedded_Systems_Design/Subject_Software/pico-sdk-master/src/rp2_common/hardware_watchdog/watchdog.c.obj
LOAD CMakeFiles/Lab2.dir/585e1e091a5fd5c04a18b1e54298091d/Uni/2023/Semester_2/CC2511_-_Embedded_Systems_Design/Subject_Software/pico-sdk-master/src/rp2_common/hardware_xosc/xosc.c.obj
LOAD CMakeFiles/Lab2.dir/540d03b26d98c39dbd556044adc6261f/2023/Semester_2/CC2511_-_Embedded_Systems_Design/Subject_Software/pico-sdk-master/src/rp2_common/hardware_divider/divider.S.obj
LOAD CMakeFiles/Lab2.dir/585e1e091a5fd5c04a18b1e54298091d/Uni/2023/Semester_2/CC2511_-_Embedded_Systems_Design/Subject_Software/pico-sdk-master/src/rp2_common/pico_runtime/runtime.c.obj
LOAD CMakeFiles/Lab2.dir/585e1e091a5fd5c04a18b1e54298091d/Uni/2023/Semester_2/CC2511_-_Embedded_Systems_Design/Subject_Software/pico-sdk-master/src/rp2_common/pico_printf/printf.c.obj
LOAD CMakeFiles/Lab2.dir/540d03b26d98c39dbd556044adc6261f/2023/Semester_2/CC2511_-_Embedded_Systems_Design/Subject_Software/pico-sdk-master/src/rp2_common/pico_bit_ops/bit_ops_aeabi.S.obj
LOAD CMakeFiles/Lab2.dir/585e1e091a5fd5c04a18b1e54298091d/Uni/2023/Semester_2/CC2511_-_Embedded_Systems_Design/Subject_Software/pico-sdk-master/src/rp2_common/pico_bootrom/bootrom.c.obj
LOAD CMakeFiles/Lab2.dir/585e1e091a5fd5c04a18b1e54298091d/Uni/2023/Semester_2/CC2511_-_Embedded_Systems_Design/Subject_Software/pico-sdk-master/src/rp2_common/pico_divider/divider.S.obj
LOAD CMakeFiles/Lab2.dir/540d03b26d98c39dbd556044adc6261f/2023/Semester_2/CC2511_-_Embedded_Systems_Design/Subject_Software/pico-sdk-master/src/rp2_common/pico_double/double_aeabi.S.obj
LOAD CMakeFiles/Lab2.dir/4629940fcbd48e2f2e3f8d16c5e3490d/Semester_2/CC2511_-_Embedded_Systems_Design/Subject_Software/pico-sdk-master/src/rp2_common/pico_double/double_init_rom.c.obj
LOAD CMakeFiles/Lab2.dir/540d03b26d98c39dbd556044adc6261f/2023/Semester_2/CC2511_-_Embedded_Systems_Design/Subject_Software/pico-sdk-master/src/rp2_common/pico_double/double_math.c.obj
LOAD CMakeFiles/Lab2.dir/4629940fcbd48e2f2e3f8d16c5e3490d/Semester_2/CC2511_-_Embedded_Systems_Design/Subject_Software/pico-sdk-master/src/rp2_common/pico_double/double_v1_rom_shim.S.obj
LOAD CMakeFiles/Lab2.dir/07efcd0af567f46974d717dcdeecbb98/CC2511_-_Embedded_Systems_Design/Subject_Software/pico-sdk-master/src/rp2_common/pico_int64_ops/pico_int64_ops_aeabi.S.obj
LOAD CMakeFiles/Lab2.dir/585e1e091a5fd5c04a18b1e54298091d/Uni/2023/Semester_2/CC2511_-_Embedded_Systems_Design/Subject_Software/pico-sdk-master/src/rp2_common/pico_float/float_aeabi.S.obj
LOAD CMakeFiles/Lab2.dir/540d03b26d98c39dbd556044adc6261f/2023/Semester_2/CC2511_-_Embedded_Systems_Design/Subject_Software/pico-sdk-master/src/rp2_common/pico_float/float_init_rom.c.obj
LOAD CMakeFiles/Lab2.dir/585e1e091a5fd5c04a18b1e54298091d/Uni/2023/Semester_2/CC2511_-_Embedded_Systems_Design/Subject_Software/pico-sdk-master/src/rp2_common/pico_float/float_math.c.obj
LOAD CMakeFiles/Lab2.dir/4629940fcbd48e2f2e3f8d16c5e3490d/Semester_2/CC2511_-_Embedded_Systems_Design/Subject_Software/pico-sdk-master/src/rp2_common/pico_float/float_v1_rom_shim.S.obj
LOAD CMakeFiles/Lab2.dir/540d03b26d98c39dbd556044adc6261f/2023/Semester_2/CC2511_-_Embedded_Systems_Design/Subject_Software/pico-sdk-master/src/rp2_common/pico_malloc/pico_malloc.c.obj
LOAD CMakeFiles/Lab2.dir/540d03b26d98c39dbd556044adc6261f/2023/Semester_2/CC2511_-_Embedded_Systems_Design/Subject_Software/pico-sdk-master/src/rp2_common/pico_mem_ops/mem_ops_aeabi.S.obj
LOAD CMakeFiles/Lab2.dir/540d03b26d98c39dbd556044adc6261f/2023/Semester_2/CC2511_-_Embedded_Systems_Design/Subject_Software/pico-sdk-master/src/rp2_common/pico_standard_link/crt0.S.obj
LOAD CMakeFiles/Lab2.dir/4629940fcbd48e2f2e3f8d16c5e3490d/Semester_2/CC2511_-_Embedded_Systems_Design/Subject_Software/pico-sdk-master/src/rp2_common/pico_standard_link/new_delete.cpp.obj
LOAD CMakeFiles/Lab2.dir/4629940fcbd48e2f2e3f8d16c5e3490d/Semester_2/CC2511_-_Embedded_Systems_Design/Subject_Software/pico-sdk-master/src/rp2_common/pico_standard_link/binary_info.c.obj
LOAD CMakeFiles/Lab2.dir/585e1e091a5fd5c04a18b1e54298091d/Uni/2023/Semester_2/CC2511_-_Embedded_Systems_Design/Subject_Software/pico-sdk-master/src/rp2_common/pico_stdio/stdio.c.obj
LOAD CMakeFiles/Lab2.dir/540d03b26d98c39dbd556044adc6261f/2023/Semester_2/CC2511_-_Embedded_Systems_Design/Subject_Software/pico-sdk-master/src/rp2_common/pico_stdio_uart/stdio_uart.c.obj
LOAD C:\Users\yelps\AppData\Local\Temp\cc0ZTDAQ.o
LOAD c:/progra~2/armgnu~1/112202~1.02/bin/../lib/gcc/arm-none-eabi/11.2.1/thumb/v6-m/nofp\libstdc++.a
LOAD c:/progra~2/armgnu~1/112202~1.02/bin/../lib/gcc/arm-none-eabi/11.2.1/thumb/v6-m/nofp\libm.a
START GROUP
LOAD c:/progra~2/armgnu~1/112202~1.02/bin/../lib/gcc/arm-none-eabi/11.2.1/thumb/v6-m/nofp\libgcc.a
LOAD c:/progra~2/armgnu~1/112202~1.02/bin/../lib/gcc/arm-none-eabi/11.2.1/thumb/v6-m/nofp\libg.a
LOAD c:/progra~2/armgnu~1/112202~1.02/bin/../lib/gcc/arm-none-eabi/11.2.1/thumb/v6-m/nofp\libc.a
END GROUP
START GROUP
LOAD c:/progra~2/armgnu~1/112202~1.02/bin/../lib/gcc/arm-none-eabi/11.2.1/thumb/v6-m/nofp\libgcc.a
LOAD c:/progra~2/armgnu~1/112202~1.02/bin/../lib/gcc/arm-none-eabi/11.2.1/thumb/v6-m/nofp\libc.a
LOAD c:/progra~2/armgnu~1/112202~1.02/bin/../lib/gcc/arm-none-eabi/11.2.1/thumb/v6-m/nofp\libnosys.a
END GROUP
LOAD c:/progra~2/armgnu~1/112202~1.02/bin/../lib/gcc/arm-none-eabi/11.2.1/thumb/v6-m/nofp/crtend.o
LOAD c:/progra~2/armgnu~1/112202~1.02/bin/../lib/gcc/arm-none-eabi/11.2.1/thumb/v6-m/nofp/crtn.o
OUTPUT(Lab2.elf elf32-littlearm)
LOAD linker stubs

.ARM.attributes
                0x00000000       0x28
 .ARM.attributes
                0x00000000       0x1e c:/progra~2/armgnu~1/112202~1.02/bin/../lib/gcc/arm-none-eabi/11.2.1/thumb/v6-m/nofp/crti.o
 .ARM.attributes
                0x0000001e       0x2c c:/progra~2/armgnu~1/112202~1.02/bin/../lib/gcc/arm-none-eabi/11.2.1/thumb/v6-m/nofp/crtbegin.o
 .ARM.attributes
                0x0000004a       0x2c CMakeFiles/Lab2.dir/main.c.obj
 .ARM.attributes
                0x00000076       0x2c CMakeFiles/Lab2.dir/585e1e091a5fd5c04a18b1e54298091d/Uni/2023/Semester_2/CC2511_-_Embedded_Systems_Design/Subject_Software/pico-sdk-master/src/rp2_common/hardware_gpio/gpio.c.obj
 .ARM.attributes
                0x000000a2       0x2c CMakeFiles/Lab2.dir/585e1e091a5fd5c04a18b1e54298091d/Uni/2023/Semester_2/CC2511_-_Embedded_Systems_Design/Subject_Software/pico-sdk-master/src/rp2_common/pico_platform/platform.c.obj
 .ARM.attributes
                0x000000ce       0x2c CMakeFiles/Lab2.dir/585e1e091a5fd5c04a18b1e54298091d/Uni/2023/Semester_2/CC2511_-_Embedded_Systems_Design/Subject_Software/pico-sdk-master/src/rp2_common/hardware_claim/claim.c.obj
 .ARM.attributes
                0x000000fa       0x2c CMakeFiles/Lab2.dir/585e1e091a5fd5c04a18b1e54298091d/Uni/2023/Semester_2/CC2511_-_Embedded_Systems_Design/Subject_Software/pico-sdk-master/src/rp2_common/hardware_sync/sync.c.obj
 .ARM.attributes
                0x00000126       0x2c CMakeFiles/Lab2.dir/585e1e091a5fd5c04a18b1e54298091d/Uni/2023/Semester_2/CC2511_-_Embedded_Systems_Design/Subject_Software/pico-sdk-master/src/rp2_common/hardware_irq/irq.c.obj
 .ARM.attributes
                0x00000152       0x22 CMakeFiles/Lab2.dir/4629940fcbd48e2f2e3f8d16c5e3490d/Semester_2/CC2511_-_Embedded_Systems_Design/Subject_Software/pico-sdk-master/src/rp2_common/hardware_irq/irq_handler_chain.S.obj
 .ARM.attributes
                0x00000174       0x2c CMakeFiles/Lab2.dir/585e1e091a5fd5c04a18b1e54298091d/Uni/2023/Semester_2/CC2511_-_Embedded_Systems_Design/Subject_Software/pico-sdk-master/src/common/pico_sync/lock_core.c.obj
 .ARM.attributes
                0x000001a0       0x2c CMakeFiles/Lab2.dir/585e1e091a5fd5c04a18b1e54298091d/Uni/2023/Semester_2/CC2511_-_Embedded_Systems_Design/Subject_Software/pico-sdk-master/src/common/pico_sync/mutex.c.obj
 .ARM.attributes
                0x000001cc       0x2c CMakeFiles/Lab2.dir/585e1e091a5fd5c04a18b1e54298091d/Uni/2023/Semester_2/CC2511_-_Embedded_Systems_Design/Subject_Software/pico-sdk-master/src/common/pico_time/time.c.obj
 .ARM.attributes
                0x000001f8       0x2c CMakeFiles/Lab2.dir/585e1e091a5fd5c04a18b1e54298091d/Uni/2023/Semester_2/CC2511_-_Embedded_Systems_Design/Subject_Software/pico-sdk-master/src/rp2_common/hardware_timer/timer.c.obj
 .ARM.attributes
                0x00000224       0x2c CMakeFiles/Lab2.dir/585e1e091a5fd5c04a18b1e54298091d/Uni/2023/Semester_2/CC2511_-_Embedded_Systems_Design/Subject_Software/pico-sdk-master/src/common/pico_util/pheap.c.obj
 .ARM.attributes
                0x00000250       0x2c CMakeFiles/Lab2.dir/585e1e091a5fd5c04a18b1e54298091d/Uni/2023/Semester_2/CC2511_-_Embedded_Systems_Design/Subject_Software/pico-sdk-master/src/rp2_common/hardware_clocks/clocks.c.obj
 .ARM.attributes
                0x0000027c       0x2c CMakeFiles/Lab2.dir/585e1e091a5fd5c04a18b1e54298091d/Uni/2023/Semester_2/CC2511_-_Embedded_Systems_Design/Subject_Software/pico-sdk-master/src/rp2_common/hardware_pll/pll.c.obj
 .ARM.attributes
                0x000002a8       0x2c CMakeFiles/Lab2.dir/540d03b26d98c39dbd556044adc6261f/2023/Semester_2/CC2511_-_Embedded_Systems_Design/Subject_Software/pico-sdk-master/src/rp2_common/hardware_watchdog/watchdog.c.obj
 .ARM.attributes
                0x000002d4       0x2c CMakeFiles/Lab2.dir/585e1e091a5fd5c04a18b1e54298091d/Uni/2023/Semester_2/CC2511_-_Embedded_Systems_Design/Subject_Software/pico-sdk-master/src/rp2_common/hardware_xosc/xosc.c.obj
 .ARM.attributes
                0x00000300       0x2c CMakeFiles/Lab2.dir/585e1e091a5fd5c04a18b1e54298091d/Uni/2023/Semester_2/CC2511_-_Embedded_Systems_Design/Subject_Software/pico-sdk-master/src/rp2_common/pico_runtime/runtime.c.obj
 .ARM.attributes
                0x0000032c       0x2c CMakeFiles/Lab2.dir/585e1e091a5fd5c04a18b1e54298091d/Uni/2023/Semester_2/CC2511_-_Embedded_Systems_Design/Subject_Software/pico-sdk-master/src/rp2_common/pico_printf/printf.c.obj
 .ARM.attributes
                0x00000358       0x22 CMakeFiles/Lab2.dir/540d03b26d98c39dbd556044adc6261f/2023/Semester_2/CC2511_-_Embedded_Systems_Design/Subject_Software/pico-sdk-master/src/rp2_common/pico_bit_ops/bit_ops_aeabi.S.obj
 .ARM.attributes
                0x0000037a       0x2c CMakeFiles/Lab2.dir/585e1e091a5fd5c04a18b1e54298091d/Uni/2023/Semester_2/CC2511_-_Embedded_Systems_Design/Subject_Software/pico-sdk-master/src/rp2_common/pico_bootrom/bootrom.c.obj
 .ARM.attributes
                0x000003a6       0x22 CMakeFiles/Lab2.dir/585e1e091a5fd5c04a18b1e54298091d/Uni/2023/Semester_2/CC2511_-_Embedded_Systems_Design/Subject_Software/pico-sdk-master/src/rp2_common/pico_divider/divider.S.obj
 .ARM.attributes
                0x000003c8       0x22 CMakeFiles/Lab2.dir/540d03b26d98c39dbd556044adc6261f/2023/Semester_2/CC2511_-_Embedded_Systems_Design/Subject_Software/pico-sdk-master/src/rp2_common/pico_double/double_aeabi.S.obj
 .ARM.attributes
                0x000003ea       0x2c CMakeFiles/Lab2.dir/4629940fcbd48e2f2e3f8d16c5e3490d/Semester_2/CC2511_-_Embedded_Systems_Design/Subject_Software/pico-sdk-master/src/rp2_common/pico_double/double_init_rom.c.obj
 .ARM.attributes
                0x00000416       0x22 CMakeFiles/Lab2.dir/4629940fcbd48e2f2e3f8d16c5e3490d/Semester_2/CC2511_-_Embedded_Systems_Design/Subject_Software/pico-sdk-master/src/rp2_common/pico_double/double_v1_rom_shim.S.obj
 .ARM.attributes
                0x00000438       0x22 CMakeFiles/Lab2.dir/07efcd0af567f46974d717dcdeecbb98/CC2511_-_Embedded_Systems_Design/Subject_Software/pico-sdk-master/src/rp2_common/pico_int64_ops/pico_int64_ops_aeabi.S.obj
 .ARM.attributes
                0x0000045a       0x22 CMakeFiles/Lab2.dir/585e1e091a5fd5c04a18b1e54298091d/Uni/2023/Semester_2/CC2511_-_Embedded_Systems_Design/Subject_Software/pico-sdk-master/src/rp2_common/pico_float/float_aeabi.S.obj
 .ARM.attributes
                0x0000047c       0x2c CMakeFiles/Lab2.dir/540d03b26d98c39dbd556044adc6261f/2023/Semester_2/CC2511_-_Embedded_Systems_Design/Subject_Software/pico-sdk-master/src/rp2_common/pico_float/float_init_rom.c.obj
 .ARM.attributes
                0x000004a8       0x22 CMakeFiles/Lab2.dir/4629940fcbd48e2f2e3f8d16c5e3490d/Semester_2/CC2511_-_Embedded_Systems_Design/Subject_Software/pico-sdk-master/src/rp2_common/pico_float/float_v1_rom_shim.S.obj
 .ARM.attributes
                0x000004ca       0x22 CMakeFiles/Lab2.dir/540d03b26d98c39dbd556044adc6261f/2023/Semester_2/CC2511_-_Embedded_Systems_Design/Subject_Software/pico-sdk-master/src/rp2_common/pico_mem_ops/mem_ops_aeabi.S.obj
 .ARM.attributes
                0x000004ec       0x22 CMakeFiles/Lab2.dir/540d03b26d98c39dbd556044adc6261f/2023/Semester_2/CC2511_-_Embedded_Systems_Design/Subject_Software/pico-sdk-master/src/rp2_common/pico_standard_link/crt0.S.obj
 .ARM.attributes
                0x0000050e       0x2c CMakeFiles/Lab2.dir/4629940fcbd48e2f2e3f8d16c5e3490d/Semester_2/CC2511_-_Embedded_Systems_Design/Subject_Software/pico-sdk-master/src/rp2_common/pico_standard_link/binary_info.c.obj
 .ARM.attributes
                0x0000053a       0x2c CMakeFiles/Lab2.dir/585e1e091a5fd5c04a18b1e54298091d/Uni/2023/Semester_2/CC2511_-_Embedded_Systems_Design/Subject_Software/pico-sdk-master/src/rp2_common/pico_stdio/stdio.c.obj
 .ARM.attributes
                0x00000566       0x22 C:\Users\yelps\AppData\Local\Temp\cc0ZTDAQ.o
 .ARM.attributes
                0x00000588       0x1e c:/progra~2/armgnu~1/112202~1.02/bin/../lib/gcc/arm-none-eabi/11.2.1/thumb/v6-m/nofp\libgcc.a(_dvmd_tls.o)
 .ARM.attributes
                0x000005a6       0x2c c:/progra~2/armgnu~1/112202~1.02/bin/../lib/gcc/arm-none-eabi/11.2.1/thumb/v6-m/nofp\libg.a(lib_a-strlen-stub.o)
 .ARM.attributes
                0x000005d2       0x2c c:/progra~2/armgnu~1/112202~1.02/bin/../lib/gcc/arm-none-eabi/11.2.1/thumb/v6-m/nofp/crtend.o

.comment        0x00000000       0x57
 .comment       0x00000000       0x57 c:/progra~2/armgnu~1/112202~1.02/bin/../lib/gcc/arm-none-eabi/11.2.1/thumb/v6-m/nofp/crtbegin.o
                                 0x58 (size before relaxing)